=== Job Started ===
Node: c0903a-s5.ufhpc
MODEL: google/gemma-2-27b
MODE: batch
--------------------------------------------------------
Running Batch Sweep: Model=google/gemma-2-27b, BS=1, Dtype=bfloat16
hf ({'pretrained': 'google/gemma-2-27b', 'dtype': 'bfloat16', 'parallelize': True}), gen_kwargs: ({'temperature': 0, 'do_sample': False}), limit: None, num_fewshot: None, batch_size: 1
|                    Tasks                     |Version|     Filter     |n-shot|  Metric   |   |Value |   |Stderr|
|----------------------------------------------|------:|----------------|-----:|-----------|---|-----:|---|-----:|
|cmmlu                                         |      1|none            |      |acc        |↑  |0.5915|±  |0.0044|
|                                              |       |none            |      |acc_norm   |↑  |0.5915|±  |0.0044|
| - cmmlu_agronomy                             |      1|none            |     0|acc        |↑  |0.6331|±  |0.0372|
|                                              |       |none            |     0|acc_norm   |↑  |0.6331|±  |0.0372|
| - cmmlu_anatomy                              |      1|none            |     0|acc        |↑  |0.4324|±  |0.0409|
|                                              |       |none            |     0|acc_norm   |↑  |0.4324|±  |0.0409|
| - cmmlu_ancient_chinese                      |      1|none            |     0|acc        |↑  |0.3293|±  |0.0368|
|                                              |       |none            |     0|acc_norm   |↑  |0.3293|±  |0.0368|
| - cmmlu_arts                                 |      1|none            |     0|acc        |↑  |0.7000|±  |0.0363|
|                                              |       |none            |     0|acc_norm   |↑  |0.7000|±  |0.0363|
| - cmmlu_astronomy                            |      1|none            |     0|acc        |↑  |0.4727|±  |0.0390|
|                                              |       |none            |     0|acc_norm   |↑  |0.4727|±  |0.0390|
| - cmmlu_business_ethics                      |      1|none            |     0|acc        |↑  |0.6220|±  |0.0336|
|                                              |       |none            |     0|acc_norm   |↑  |0.6220|±  |0.0336|
| - cmmlu_chinese_civil_service_exam           |      1|none            |     0|acc        |↑  |0.5437|±  |0.0395|
|                                              |       |none            |     0|acc_norm   |↑  |0.5437|±  |0.0395|
| - cmmlu_chinese_driving_rule                 |      1|none            |     0|acc        |↑  |0.7099|±  |0.0398|
|                                              |       |none            |     0|acc_norm   |↑  |0.7099|±  |0.0398|
| - cmmlu_chinese_food_culture                 |      1|none            |     0|acc        |↑  |0.5147|±  |0.0430|
|                                              |       |none            |     0|acc_norm   |↑  |0.5147|±  |0.0430|
| - cmmlu_chinese_foreign_policy               |      1|none            |     0|acc        |↑  |0.6729|±  |0.0456|
|                                              |       |none            |     0|acc_norm   |↑  |0.6729|±  |0.0456|
| - cmmlu_chinese_history                      |      1|none            |     0|acc        |↑  |0.6904|±  |0.0258|
|                                              |       |none            |     0|acc_norm   |↑  |0.6904|±  |0.0258|
| - cmmlu_chinese_literature                   |      1|none            |     0|acc        |↑  |0.4069|±  |0.0345|
|                                              |       |none            |     0|acc_norm   |↑  |0.4069|±  |0.0345|
| - cmmlu_chinese_teacher_qualification        |      1|none            |     0|acc        |↑  |0.6816|±  |0.0349|
|                                              |       |none            |     0|acc_norm   |↑  |0.6816|±  |0.0349|
| - cmmlu_clinical_knowledge                   |      1|none            |     0|acc        |↑  |0.5612|±  |0.0323|
|                                              |       |none            |     0|acc_norm   |↑  |0.5612|±  |0.0323|
| - cmmlu_college_actuarial_science            |      1|none            |     0|acc        |↑  |0.2925|±  |0.0444|
|                                              |       |none            |     0|acc_norm   |↑  |0.2925|±  |0.0444|
| - cmmlu_college_education                    |      1|none            |     0|acc        |↑  |0.6636|±  |0.0459|
|                                              |       |none            |     0|acc_norm   |↑  |0.6636|±  |0.0459|
| - cmmlu_college_engineering_hydrology        |      1|none            |     0|acc        |↑  |0.5943|±  |0.0479|
|                                              |       |none            |     0|acc_norm   |↑  |0.5943|±  |0.0479|
| - cmmlu_college_law                          |      1|none            |     0|acc        |↑  |0.5648|±  |0.0479|
|                                              |       |none            |     0|acc_norm   |↑  |0.5648|±  |0.0479|
| - cmmlu_college_mathematics                  |      1|none            |     0|acc        |↑  |0.3143|±  |0.0455|
|                                              |       |none            |     0|acc_norm   |↑  |0.3143|±  |0.0455|
| - cmmlu_college_medical_statistics           |      1|none            |     0|acc        |↑  |0.6604|±  |0.0462|
|                                              |       |none            |     0|acc_norm   |↑  |0.6604|±  |0.0462|
| - cmmlu_college_medicine                     |      1|none            |     0|acc        |↑  |0.6410|±  |0.0291|
|                                              |       |none            |     0|acc_norm   |↑  |0.6410|±  |0.0291|
| - cmmlu_computer_science                     |      1|none            |     0|acc        |↑  |0.6961|±  |0.0323|
|                                              |       |none            |     0|acc_norm   |↑  |0.6961|±  |0.0323|
| - cmmlu_computer_security                    |      1|none            |     0|acc        |↑  |0.7895|±  |0.0313|
|                                              |       |none            |     0|acc_norm   |↑  |0.7895|±  |0.0313|
| - cmmlu_conceptual_physics                   |      1|none            |     0|acc        |↑  |0.6463|±  |0.0396|
|                                              |       |none            |     0|acc_norm   |↑  |0.6463|±  |0.0396|
| - cmmlu_construction_project_management      |      1|none            |     0|acc        |↑  |0.4676|±  |0.0425|
|                                              |       |none            |     0|acc_norm   |↑  |0.4676|±  |0.0425|
| - cmmlu_economics                            |      1|none            |     0|acc        |↑  |0.6981|±  |0.0365|
|                                              |       |none            |     0|acc_norm   |↑  |0.6981|±  |0.0365|
| - cmmlu_education                            |      1|none            |     0|acc        |↑  |0.5460|±  |0.0391|
|                                              |       |none            |     0|acc_norm   |↑  |0.5460|±  |0.0391|
| - cmmlu_electrical_engineering               |      1|none            |     0|acc        |↑  |0.5581|±  |0.0380|
|                                              |       |none            |     0|acc_norm   |↑  |0.5581|±  |0.0380|
| - cmmlu_elementary_chinese                   |      1|none            |     0|acc        |↑  |0.4206|±  |0.0312|
|                                              |       |none            |     0|acc_norm   |↑  |0.4206|±  |0.0312|
| - cmmlu_elementary_commonsense               |      1|none            |     0|acc        |↑  |0.5707|±  |0.0353|
|                                              |       |none            |     0|acc_norm   |↑  |0.5707|±  |0.0353|
| - cmmlu_elementary_information_and_technology|      1|none            |     0|acc        |↑  |0.8109|±  |0.0254|
|                                              |       |none            |     0|acc_norm   |↑  |0.8109|±  |0.0254|
| - cmmlu_elementary_mathematics               |      1|none            |     0|acc        |↑  |0.3913|±  |0.0323|
|                                              |       |none            |     0|acc_norm   |↑  |0.3913|±  |0.0323|
| - cmmlu_ethnology                            |      1|none            |     0|acc        |↑  |0.5259|±  |0.0431|
|                                              |       |none            |     0|acc_norm   |↑  |0.5259|±  |0.0431|
| - cmmlu_food_science                         |      1|none            |     0|acc        |↑  |0.6713|±  |0.0394|
|                                              |       |none            |     0|acc_norm   |↑  |0.6713|±  |0.0394|
| - cmmlu_genetics                             |      1|none            |     0|acc        |↑  |0.6364|±  |0.0364|
|                                              |       |none            |     0|acc_norm   |↑  |0.6364|±  |0.0364|
| - cmmlu_global_facts                         |      1|none            |     0|acc        |↑  |0.6309|±  |0.0397|
|                                              |       |none            |     0|acc_norm   |↑  |0.6309|±  |0.0397|
| - cmmlu_high_school_biology                  |      1|none            |     0|acc        |↑  |0.5148|±  |0.0386|
|                                              |       |none            |     0|acc_norm   |↑  |0.5148|±  |0.0386|
| - cmmlu_high_school_chemistry                |      1|none            |     0|acc        |↑  |0.3939|±  |0.0427|
|                                              |       |none            |     0|acc_norm   |↑  |0.3939|±  |0.0427|
| - cmmlu_high_school_geography                |      1|none            |     0|acc        |↑  |0.5847|±  |0.0456|
|                                              |       |none            |     0|acc_norm   |↑  |0.5847|±  |0.0456|
| - cmmlu_high_school_mathematics              |      1|none            |     0|acc        |↑  |0.3659|±  |0.0377|
|                                              |       |none            |     0|acc_norm   |↑  |0.3659|±  |0.0377|
| - cmmlu_high_school_physics                  |      1|none            |     0|acc        |↑  |0.5636|±  |0.0475|
|                                              |       |none            |     0|acc_norm   |↑  |0.5636|±  |0.0475|
| - cmmlu_high_school_politics                 |      1|none            |     0|acc        |↑  |0.5245|±  |0.0419|
|                                              |       |none            |     0|acc_norm   |↑  |0.5245|±  |0.0419|
| - cmmlu_human_sexuality                      |      1|none            |     0|acc        |↑  |0.6746|±  |0.0419|
|                                              |       |none            |     0|acc_norm   |↑  |0.6746|±  |0.0419|
| - cmmlu_international_law                    |      1|none            |     0|acc        |↑  |0.4973|±  |0.0369|
|                                              |       |none            |     0|acc_norm   |↑  |0.4973|±  |0.0369|
| - cmmlu_journalism                           |      1|none            |     0|acc        |↑  |0.6105|±  |0.0373|
|                                              |       |none            |     0|acc_norm   |↑  |0.6105|±  |0.0373|
| - cmmlu_jurisprudence                        |      1|none            |     0|acc        |↑  |0.6107|±  |0.0241|
|                                              |       |none            |     0|acc_norm   |↑  |0.6107|±  |0.0241|
| - cmmlu_legal_and_moral_basis                |      1|none            |     0|acc        |↑  |0.8505|±  |0.0244|
|                                              |       |none            |     0|acc_norm   |↑  |0.8505|±  |0.0244|
| - cmmlu_logical                              |      1|none            |     0|acc        |↑  |0.6667|±  |0.0427|
|                                              |       |none            |     0|acc_norm   |↑  |0.6667|±  |0.0427|
| - cmmlu_machine_learning                     |      1|none            |     0|acc        |↑  |0.6803|±  |0.0424|
|                                              |       |none            |     0|acc_norm   |↑  |0.6803|±  |0.0424|
| - cmmlu_management                           |      1|none            |     0|acc        |↑  |0.7667|±  |0.0293|
|                                              |       |none            |     0|acc_norm   |↑  |0.7667|±  |0.0293|
| - cmmlu_marketing                            |      1|none            |     0|acc        |↑  |0.7000|±  |0.0343|
|                                              |       |none            |     0|acc_norm   |↑  |0.7000|±  |0.0343|
| - cmmlu_marxist_theory                       |      1|none            |     0|acc        |↑  |0.6878|±  |0.0338|
|                                              |       |none            |     0|acc_norm   |↑  |0.6878|±  |0.0338|
| - cmmlu_modern_chinese                       |      1|none            |     0|acc        |↑  |0.3966|±  |0.0456|
|                                              |       |none            |     0|acc_norm   |↑  |0.3966|±  |0.0456|
| - cmmlu_nutrition                            |      1|none            |     0|acc        |↑  |0.6000|±  |0.0408|
|                                              |       |none            |     0|acc_norm   |↑  |0.6000|±  |0.0408|
| - cmmlu_philosophy                           |      1|none            |     0|acc        |↑  |0.6667|±  |0.0462|
|                                              |       |none            |     0|acc_norm   |↑  |0.6667|±  |0.0462|
| - cmmlu_professional_accounting              |      1|none            |     0|acc        |↑  |0.6057|±  |0.0370|
|                                              |       |none            |     0|acc_norm   |↑  |0.6057|±  |0.0370|
| - cmmlu_professional_law                     |      1|none            |     0|acc        |↑  |0.4597|±  |0.0344|
|                                              |       |none            |     0|acc_norm   |↑  |0.4597|±  |0.0344|
| - cmmlu_professional_medicine                |      1|none            |     0|acc        |↑  |0.4814|±  |0.0258|
|                                              |       |none            |     0|acc_norm   |↑  |0.4814|±  |0.0258|
| - cmmlu_professional_psychology              |      1|none            |     0|acc        |↑  |0.7026|±  |0.0301|
|                                              |       |none            |     0|acc_norm   |↑  |0.7026|±  |0.0301|
| - cmmlu_public_relations                     |      1|none            |     0|acc        |↑  |0.6437|±  |0.0364|
|                                              |       |none            |     0|acc_norm   |↑  |0.6437|±  |0.0364|
| - cmmlu_security_study                       |      1|none            |     0|acc        |↑  |0.7259|±  |0.0385|
|                                              |       |none            |     0|acc_norm   |↑  |0.7259|±  |0.0385|
| - cmmlu_sociology                            |      1|none            |     0|acc        |↑  |0.5973|±  |0.0327|
|                                              |       |none            |     0|acc_norm   |↑  |0.5973|±  |0.0327|
| - cmmlu_sports_science                       |      1|none            |     0|acc        |↑  |0.6000|±  |0.0383|
|                                              |       |none            |     0|acc_norm   |↑  |0.6000|±  |0.0383|
| - cmmlu_traditional_chinese_medicine         |      1|none            |     0|acc        |↑  |0.3784|±  |0.0358|
|                                              |       |none            |     0|acc_norm   |↑  |0.3784|±  |0.0358|
| - cmmlu_virology                             |      1|none            |     0|acc        |↑  |0.7396|±  |0.0339|
|                                              |       |none            |     0|acc_norm   |↑  |0.7396|±  |0.0339|
| - cmmlu_world_history                        |      1|none            |     0|acc        |↑  |0.6894|±  |0.0366|
|                                              |       |none            |     0|acc_norm   |↑  |0.6894|±  |0.0366|
| - cmmlu_world_religions                      |      1|none            |     0|acc        |↑  |0.6813|±  |0.0370|
|                                              |       |none            |     0|acc_norm   |↑  |0.6813|±  |0.0370|
|gsm8k                                         |      3|flexible-extract|     5|exact_match|↑  |0.7506|±  |0.0119|
|                                              |       |strict-match    |     5|exact_match|↑  |0.7453|±  |0.0120|
|humaneval                                     |      1|create_test     |     0|pass@1     |   |0.4939|±  |0.0392|
|piqa                                          |      1|none            |     0|acc        |↑  |0.8308|±  |0.0087|
|                                              |       |none            |     0|acc_norm   |↑  |0.8471|±  |0.0084|

|Groups|Version|Filter|n-shot| Metric |   |Value |   |Stderr|
|------|------:|------|------|--------|---|-----:|---|-----:|
|cmmlu |      1|none  |      |acc     |↑  |0.5915|±  |0.0044|
|      |       |none  |      |acc_norm|↑  |0.5915|±  |0.0044|

Completed BS=1
--------------------------------------------------------
Running Batch Sweep: Model=google/gemma-2-27b, BS=2, Dtype=bfloat16
hf ({'pretrained': 'google/gemma-2-27b', 'dtype': 'bfloat16', 'parallelize': True}), gen_kwargs: ({'temperature': 0, 'do_sample': False}), limit: None, num_fewshot: None, batch_size: 2
|                    Tasks                     |Version|     Filter     |n-shot|  Metric   |   |Value |   |Stderr|
|----------------------------------------------|------:|----------------|-----:|-----------|---|-----:|---|-----:|
|cmmlu                                         |      1|none            |      |acc        |↑  |0.5919|±  |0.0044|
|                                              |       |none            |      |acc_norm   |↑  |0.5919|±  |0.0044|
| - cmmlu_agronomy                             |      1|none            |     0|acc        |↑  |0.6272|±  |0.0373|
|                                              |       |none            |     0|acc_norm   |↑  |0.6272|±  |0.0373|
| - cmmlu_anatomy                              |      1|none            |     0|acc        |↑  |0.4392|±  |0.0409|
|                                              |       |none            |     0|acc_norm   |↑  |0.4392|±  |0.0409|
| - cmmlu_ancient_chinese                      |      1|none            |     0|acc        |↑  |0.3476|±  |0.0373|
|                                              |       |none            |     0|acc_norm   |↑  |0.3476|±  |0.0373|
| - cmmlu_arts                                 |      1|none            |     0|acc        |↑  |0.7063|±  |0.0361|
|                                              |       |none            |     0|acc_norm   |↑  |0.7063|±  |0.0361|
| - cmmlu_astronomy                            |      1|none            |     0|acc        |↑  |0.4606|±  |0.0389|
|                                              |       |none            |     0|acc_norm   |↑  |0.4606|±  |0.0389|
| - cmmlu_business_ethics                      |      1|none            |     0|acc        |↑  |0.6220|±  |0.0336|
|                                              |       |none            |     0|acc_norm   |↑  |0.6220|±  |0.0336|
| - cmmlu_chinese_civil_service_exam           |      1|none            |     0|acc        |↑  |0.5188|±  |0.0396|
|                                              |       |none            |     0|acc_norm   |↑  |0.5188|±  |0.0396|
| - cmmlu_chinese_driving_rule                 |      1|none            |     0|acc        |↑  |0.7252|±  |0.0392|
|                                              |       |none            |     0|acc_norm   |↑  |0.7252|±  |0.0392|
| - cmmlu_chinese_food_culture                 |      1|none            |     0|acc        |↑  |0.5147|±  |0.0430|
|                                              |       |none            |     0|acc_norm   |↑  |0.5147|±  |0.0430|
| - cmmlu_chinese_foreign_policy               |      1|none            |     0|acc        |↑  |0.6729|±  |0.0456|
|                                              |       |none            |     0|acc_norm   |↑  |0.6729|±  |0.0456|
| - cmmlu_chinese_history                      |      1|none            |     0|acc        |↑  |0.6966|±  |0.0256|
|                                              |       |none            |     0|acc_norm   |↑  |0.6966|±  |0.0256|
| - cmmlu_chinese_literature                   |      1|none            |     0|acc        |↑  |0.4020|±  |0.0344|
|                                              |       |none            |     0|acc_norm   |↑  |0.4020|±  |0.0344|
| - cmmlu_chinese_teacher_qualification        |      1|none            |     0|acc        |↑  |0.6983|±  |0.0344|
|                                              |       |none            |     0|acc_norm   |↑  |0.6983|±  |0.0344|
| - cmmlu_clinical_knowledge                   |      1|none            |     0|acc        |↑  |0.5654|±  |0.0323|
|                                              |       |none            |     0|acc_norm   |↑  |0.5654|±  |0.0323|
| - cmmlu_college_actuarial_science            |      1|none            |     0|acc        |↑  |0.3208|±  |0.0456|
|                                              |       |none            |     0|acc_norm   |↑  |0.3208|±  |0.0456|
| - cmmlu_college_education                    |      1|none            |     0|acc        |↑  |0.6729|±  |0.0456|
|                                              |       |none            |     0|acc_norm   |↑  |0.6729|±  |0.0456|
| - cmmlu_college_engineering_hydrology        |      1|none            |     0|acc        |↑  |0.6038|±  |0.0477|
|                                              |       |none            |     0|acc_norm   |↑  |0.6038|±  |0.0477|
| - cmmlu_college_law                          |      1|none            |     0|acc        |↑  |0.5648|±  |0.0479|
|                                              |       |none            |     0|acc_norm   |↑  |0.5648|±  |0.0479|
| - cmmlu_college_mathematics                  |      1|none            |     0|acc        |↑  |0.3143|±  |0.0455|
|                                              |       |none            |     0|acc_norm   |↑  |0.3143|±  |0.0455|
| - cmmlu_college_medical_statistics           |      1|none            |     0|acc        |↑  |0.6604|±  |0.0462|
|                                              |       |none            |     0|acc_norm   |↑  |0.6604|±  |0.0462|
| - cmmlu_college_medicine                     |      1|none            |     0|acc        |↑  |0.6410|±  |0.0291|
|                                              |       |none            |     0|acc_norm   |↑  |0.6410|±  |0.0291|
| - cmmlu_computer_science                     |      1|none            |     0|acc        |↑  |0.6912|±  |0.0324|
|                                              |       |none            |     0|acc_norm   |↑  |0.6912|±  |0.0324|
| - cmmlu_computer_security                    |      1|none            |     0|acc        |↑  |0.7895|±  |0.0313|
|                                              |       |none            |     0|acc_norm   |↑  |0.7895|±  |0.0313|
| - cmmlu_conceptual_physics                   |      1|none            |     0|acc        |↑  |0.6463|±  |0.0396|
|                                              |       |none            |     0|acc_norm   |↑  |0.6463|±  |0.0396|
| - cmmlu_construction_project_management      |      1|none            |     0|acc        |↑  |0.4604|±  |0.0424|
|                                              |       |none            |     0|acc_norm   |↑  |0.4604|±  |0.0424|
| - cmmlu_economics                            |      1|none            |     0|acc        |↑  |0.6855|±  |0.0369|
|                                              |       |none            |     0|acc_norm   |↑  |0.6855|±  |0.0369|
| - cmmlu_education                            |      1|none            |     0|acc        |↑  |0.5521|±  |0.0391|
|                                              |       |none            |     0|acc_norm   |↑  |0.5521|±  |0.0391|
| - cmmlu_electrical_engineering               |      1|none            |     0|acc        |↑  |0.5581|±  |0.0380|
|                                              |       |none            |     0|acc_norm   |↑  |0.5581|±  |0.0380|
| - cmmlu_elementary_chinese                   |      1|none            |     0|acc        |↑  |0.4325|±  |0.0313|
|                                              |       |none            |     0|acc_norm   |↑  |0.4325|±  |0.0313|
| - cmmlu_elementary_commonsense               |      1|none            |     0|acc        |↑  |0.5657|±  |0.0353|
|                                              |       |none            |     0|acc_norm   |↑  |0.5657|±  |0.0353|
| - cmmlu_elementary_information_and_technology|      1|none            |     0|acc        |↑  |0.8067|±  |0.0256|
|                                              |       |none            |     0|acc_norm   |↑  |0.8067|±  |0.0256|
| - cmmlu_elementary_mathematics               |      1|none            |     0|acc        |↑  |0.3913|±  |0.0323|
|                                              |       |none            |     0|acc_norm   |↑  |0.3913|±  |0.0323|
| - cmmlu_ethnology                            |      1|none            |     0|acc        |↑  |0.5259|±  |0.0431|
|                                              |       |none            |     0|acc_norm   |↑  |0.5259|±  |0.0431|
| - cmmlu_food_science                         |      1|none            |     0|acc        |↑  |0.6643|±  |0.0396|
|                                              |       |none            |     0|acc_norm   |↑  |0.6643|±  |0.0396|
| - cmmlu_genetics                             |      1|none            |     0|acc        |↑  |0.6250|±  |0.0366|
|                                              |       |none            |     0|acc_norm   |↑  |0.6250|±  |0.0366|
| - cmmlu_global_facts                         |      1|none            |     0|acc        |↑  |0.6309|±  |0.0397|
|                                              |       |none            |     0|acc_norm   |↑  |0.6309|±  |0.0397|
| - cmmlu_high_school_biology                  |      1|none            |     0|acc        |↑  |0.5266|±  |0.0385|
|                                              |       |none            |     0|acc_norm   |↑  |0.5266|±  |0.0385|
| - cmmlu_high_school_chemistry                |      1|none            |     0|acc        |↑  |0.4167|±  |0.0431|
|                                              |       |none            |     0|acc_norm   |↑  |0.4167|±  |0.0431|
| - cmmlu_high_school_geography                |      1|none            |     0|acc        |↑  |0.5847|±  |0.0456|
|                                              |       |none            |     0|acc_norm   |↑  |0.5847|±  |0.0456|
| - cmmlu_high_school_mathematics              |      1|none            |     0|acc        |↑  |0.3598|±  |0.0376|
|                                              |       |none            |     0|acc_norm   |↑  |0.3598|±  |0.0376|
| - cmmlu_high_school_physics                  |      1|none            |     0|acc        |↑  |0.5636|±  |0.0475|
|                                              |       |none            |     0|acc_norm   |↑  |0.5636|±  |0.0475|
| - cmmlu_high_school_politics                 |      1|none            |     0|acc        |↑  |0.5315|±  |0.0419|
|                                              |       |none            |     0|acc_norm   |↑  |0.5315|±  |0.0419|
| - cmmlu_human_sexuality                      |      1|none            |     0|acc        |↑  |0.6667|±  |0.0422|
|                                              |       |none            |     0|acc_norm   |↑  |0.6667|±  |0.0422|
| - cmmlu_international_law                    |      1|none            |     0|acc        |↑  |0.4865|±  |0.0368|
|                                              |       |none            |     0|acc_norm   |↑  |0.4865|±  |0.0368|
| - cmmlu_journalism                           |      1|none            |     0|acc        |↑  |0.5988|±  |0.0375|
|                                              |       |none            |     0|acc_norm   |↑  |0.5988|±  |0.0375|
| - cmmlu_jurisprudence                        |      1|none            |     0|acc        |↑  |0.6156|±  |0.0240|
|                                              |       |none            |     0|acc_norm   |↑  |0.6156|±  |0.0240|
| - cmmlu_legal_and_moral_basis                |      1|none            |     0|acc        |↑  |0.8505|±  |0.0244|
|                                              |       |none            |     0|acc_norm   |↑  |0.8505|±  |0.0244|
| - cmmlu_logical                              |      1|none            |     0|acc        |↑  |0.6585|±  |0.0429|
|                                              |       |none            |     0|acc_norm   |↑  |0.6585|±  |0.0429|
| - cmmlu_machine_learning                     |      1|none            |     0|acc        |↑  |0.6803|±  |0.0424|
|                                              |       |none            |     0|acc_norm   |↑  |0.6803|±  |0.0424|
| - cmmlu_management                           |      1|none            |     0|acc        |↑  |0.7714|±  |0.0290|
|                                              |       |none            |     0|acc_norm   |↑  |0.7714|±  |0.0290|
| - cmmlu_marketing                            |      1|none            |     0|acc        |↑  |0.6833|±  |0.0348|
|                                              |       |none            |     0|acc_norm   |↑  |0.6833|±  |0.0348|
| - cmmlu_marxist_theory                       |      1|none            |     0|acc        |↑  |0.6984|±  |0.0335|
|                                              |       |none            |     0|acc_norm   |↑  |0.6984|±  |0.0335|
| - cmmlu_modern_chinese                       |      1|none            |     0|acc        |↑  |0.4052|±  |0.0458|
|                                              |       |none            |     0|acc_norm   |↑  |0.4052|±  |0.0458|
| - cmmlu_nutrition                            |      1|none            |     0|acc        |↑  |0.6000|±  |0.0408|
|                                              |       |none            |     0|acc_norm   |↑  |0.6000|±  |0.0408|
| - cmmlu_philosophy                           |      1|none            |     0|acc        |↑  |0.6667|±  |0.0462|
|                                              |       |none            |     0|acc_norm   |↑  |0.6667|±  |0.0462|
| - cmmlu_professional_accounting              |      1|none            |     0|acc        |↑  |0.6000|±  |0.0371|
|                                              |       |none            |     0|acc_norm   |↑  |0.6000|±  |0.0371|
| - cmmlu_professional_law                     |      1|none            |     0|acc        |↑  |0.4550|±  |0.0344|
|                                              |       |none            |     0|acc_norm   |↑  |0.4550|±  |0.0344|
| - cmmlu_professional_medicine                |      1|none            |     0|acc        |↑  |0.4761|±  |0.0258|
|                                              |       |none            |     0|acc_norm   |↑  |0.4761|±  |0.0258|
| - cmmlu_professional_psychology              |      1|none            |     0|acc        |↑  |0.6983|±  |0.0302|
|                                              |       |none            |     0|acc_norm   |↑  |0.6983|±  |0.0302|
| - cmmlu_public_relations                     |      1|none            |     0|acc        |↑  |0.6322|±  |0.0367|
|                                              |       |none            |     0|acc_norm   |↑  |0.6322|±  |0.0367|
| - cmmlu_security_study                       |      1|none            |     0|acc        |↑  |0.7185|±  |0.0389|
|                                              |       |none            |     0|acc_norm   |↑  |0.7185|±  |0.0389|
| - cmmlu_sociology                            |      1|none            |     0|acc        |↑  |0.6106|±  |0.0325|
|                                              |       |none            |     0|acc_norm   |↑  |0.6106|±  |0.0325|
| - cmmlu_sports_science                       |      1|none            |     0|acc        |↑  |0.5939|±  |0.0383|
|                                              |       |none            |     0|acc_norm   |↑  |0.5939|±  |0.0383|
| - cmmlu_traditional_chinese_medicine         |      1|none            |     0|acc        |↑  |0.3892|±  |0.0359|
|                                              |       |none            |     0|acc_norm   |↑  |0.3892|±  |0.0359|
| - cmmlu_virology                             |      1|none            |     0|acc        |↑  |0.7337|±  |0.0341|
|                                              |       |none            |     0|acc_norm   |↑  |0.7337|±  |0.0341|
| - cmmlu_world_history                        |      1|none            |     0|acc        |↑  |0.6957|±  |0.0364|
|                                              |       |none            |     0|acc_norm   |↑  |0.6957|±  |0.0364|
| - cmmlu_world_religions                      |      1|none            |     0|acc        |↑  |0.6875|±  |0.0368|
|                                              |       |none            |     0|acc_norm   |↑  |0.6875|±  |0.0368|
|gsm8k                                         |      3|flexible-extract|     5|exact_match|↑  |0.7430|±  |0.0120|
|                                              |       |strict-match    |     5|exact_match|↑  |0.7384|±  |0.0121|
|humaneval                                     |      1|create_test     |     0|pass@1     |   |0.5061|±  |0.0392|
|piqa                                          |      1|none            |     0|acc        |↑  |0.8303|±  |0.0088|
|                                              |       |none            |     0|acc_norm   |↑  |0.8444|±  |0.0085|

|Groups|Version|Filter|n-shot| Metric |   |Value |   |Stderr|
|------|------:|------|------|--------|---|-----:|---|-----:|
|cmmlu |      1|none  |      |acc     |↑  |0.5919|±  |0.0044|
|      |       |none  |      |acc_norm|↑  |0.5919|±  |0.0044|

Completed BS=2
--------------------------------------------------------
Running Batch Sweep: Model=google/gemma-2-27b, BS=4, Dtype=bfloat16
hf ({'pretrained': 'google/gemma-2-27b', 'dtype': 'bfloat16', 'parallelize': True}), gen_kwargs: ({'temperature': 0, 'do_sample': False}), limit: None, num_fewshot: None, batch_size: 4
|                    Tasks                     |Version|     Filter     |n-shot|  Metric   |   |Value |   |Stderr|
|----------------------------------------------|------:|----------------|-----:|-----------|---|-----:|---|-----:|
|cmmlu                                         |      1|none            |      |acc        |↑  |0.5895|±  |0.0044|
|                                              |       |none            |      |acc_norm   |↑  |0.5895|±  |0.0044|
| - cmmlu_agronomy                             |      1|none            |     0|acc        |↑  |0.6272|±  |0.0373|
|                                              |       |none            |     0|acc_norm   |↑  |0.6272|±  |0.0373|
| - cmmlu_anatomy                              |      1|none            |     0|acc        |↑  |0.4324|±  |0.0409|
|                                              |       |none            |     0|acc_norm   |↑  |0.4324|±  |0.0409|
| - cmmlu_ancient_chinese                      |      1|none            |     0|acc        |↑  |0.3171|±  |0.0364|
|                                              |       |none            |     0|acc_norm   |↑  |0.3171|±  |0.0364|
| - cmmlu_arts                                 |      1|none            |     0|acc        |↑  |0.7000|±  |0.0363|
|                                              |       |none            |     0|acc_norm   |↑  |0.7000|±  |0.0363|
| - cmmlu_astronomy                            |      1|none            |     0|acc        |↑  |0.4606|±  |0.0389|
|                                              |       |none            |     0|acc_norm   |↑  |0.4606|±  |0.0389|
| - cmmlu_business_ethics                      |      1|none            |     0|acc        |↑  |0.6172|±  |0.0337|
|                                              |       |none            |     0|acc_norm   |↑  |0.6172|±  |0.0337|
| - cmmlu_chinese_civil_service_exam           |      1|none            |     0|acc        |↑  |0.5062|±  |0.0396|
|                                              |       |none            |     0|acc_norm   |↑  |0.5062|±  |0.0396|
| - cmmlu_chinese_driving_rule                 |      1|none            |     0|acc        |↑  |0.7176|±  |0.0395|
|                                              |       |none            |     0|acc_norm   |↑  |0.7176|±  |0.0395|
| - cmmlu_chinese_food_culture                 |      1|none            |     0|acc        |↑  |0.5221|±  |0.0430|
|                                              |       |none            |     0|acc_norm   |↑  |0.5221|±  |0.0430|
| - cmmlu_chinese_foreign_policy               |      1|none            |     0|acc        |↑  |0.6636|±  |0.0459|
|                                              |       |none            |     0|acc_norm   |↑  |0.6636|±  |0.0459|
| - cmmlu_chinese_history                      |      1|none            |     0|acc        |↑  |0.6935|±  |0.0257|
|                                              |       |none            |     0|acc_norm   |↑  |0.6935|±  |0.0257|
| - cmmlu_chinese_literature                   |      1|none            |     0|acc        |↑  |0.4118|±  |0.0345|
|                                              |       |none            |     0|acc_norm   |↑  |0.4118|±  |0.0345|
| - cmmlu_chinese_teacher_qualification        |      1|none            |     0|acc        |↑  |0.6816|±  |0.0349|
|                                              |       |none            |     0|acc_norm   |↑  |0.6816|±  |0.0349|
| - cmmlu_clinical_knowledge                   |      1|none            |     0|acc        |↑  |0.5570|±  |0.0323|
|                                              |       |none            |     0|acc_norm   |↑  |0.5570|±  |0.0323|
| - cmmlu_college_actuarial_science            |      1|none            |     0|acc        |↑  |0.3113|±  |0.0452|
|                                              |       |none            |     0|acc_norm   |↑  |0.3113|±  |0.0452|
| - cmmlu_college_education                    |      1|none            |     0|acc        |↑  |0.6729|±  |0.0456|
|                                              |       |none            |     0|acc_norm   |↑  |0.6729|±  |0.0456|
| - cmmlu_college_engineering_hydrology        |      1|none            |     0|acc        |↑  |0.5943|±  |0.0479|
|                                              |       |none            |     0|acc_norm   |↑  |0.5943|±  |0.0479|
| - cmmlu_college_law                          |      1|none            |     0|acc        |↑  |0.5833|±  |0.0477|
|                                              |       |none            |     0|acc_norm   |↑  |0.5833|±  |0.0477|
| - cmmlu_college_mathematics                  |      1|none            |     0|acc        |↑  |0.3048|±  |0.0451|
|                                              |       |none            |     0|acc_norm   |↑  |0.3048|±  |0.0451|
| - cmmlu_college_medical_statistics           |      1|none            |     0|acc        |↑  |0.6509|±  |0.0465|
|                                              |       |none            |     0|acc_norm   |↑  |0.6509|±  |0.0465|
| - cmmlu_college_medicine                     |      1|none            |     0|acc        |↑  |0.6410|±  |0.0291|
|                                              |       |none            |     0|acc_norm   |↑  |0.6410|±  |0.0291|
| - cmmlu_computer_science                     |      1|none            |     0|acc        |↑  |0.6814|±  |0.0327|
|                                              |       |none            |     0|acc_norm   |↑  |0.6814|±  |0.0327|
| - cmmlu_computer_security                    |      1|none            |     0|acc        |↑  |0.7895|±  |0.0313|
|                                              |       |none            |     0|acc_norm   |↑  |0.7895|±  |0.0313|
| - cmmlu_conceptual_physics                   |      1|none            |     0|acc        |↑  |0.6327|±  |0.0399|
|                                              |       |none            |     0|acc_norm   |↑  |0.6327|±  |0.0399|
| - cmmlu_construction_project_management      |      1|none            |     0|acc        |↑  |0.4604|±  |0.0424|
|                                              |       |none            |     0|acc_norm   |↑  |0.4604|±  |0.0424|
| - cmmlu_economics                            |      1|none            |     0|acc        |↑  |0.6855|±  |0.0369|
|                                              |       |none            |     0|acc_norm   |↑  |0.6855|±  |0.0369|
| - cmmlu_education                            |      1|none            |     0|acc        |↑  |0.5460|±  |0.0391|
|                                              |       |none            |     0|acc_norm   |↑  |0.5460|±  |0.0391|
| - cmmlu_electrical_engineering               |      1|none            |     0|acc        |↑  |0.5523|±  |0.0380|
|                                              |       |none            |     0|acc_norm   |↑  |0.5523|±  |0.0380|
| - cmmlu_elementary_chinese                   |      1|none            |     0|acc        |↑  |0.4127|±  |0.0311|
|                                              |       |none            |     0|acc_norm   |↑  |0.4127|±  |0.0311|
| - cmmlu_elementary_commonsense               |      1|none            |     0|acc        |↑  |0.5556|±  |0.0354|
|                                              |       |none            |     0|acc_norm   |↑  |0.5556|±  |0.0354|
| - cmmlu_elementary_information_and_technology|      1|none            |     0|acc        |↑  |0.8151|±  |0.0252|
|                                              |       |none            |     0|acc_norm   |↑  |0.8151|±  |0.0252|
| - cmmlu_elementary_mathematics               |      1|none            |     0|acc        |↑  |0.4000|±  |0.0324|
|                                              |       |none            |     0|acc_norm   |↑  |0.4000|±  |0.0324|
| - cmmlu_ethnology                            |      1|none            |     0|acc        |↑  |0.5111|±  |0.0432|
|                                              |       |none            |     0|acc_norm   |↑  |0.5111|±  |0.0432|
| - cmmlu_food_science                         |      1|none            |     0|acc        |↑  |0.6713|±  |0.0394|
|                                              |       |none            |     0|acc_norm   |↑  |0.6713|±  |0.0394|
| - cmmlu_genetics                             |      1|none            |     0|acc        |↑  |0.6250|±  |0.0366|
|                                              |       |none            |     0|acc_norm   |↑  |0.6250|±  |0.0366|
| - cmmlu_global_facts                         |      1|none            |     0|acc        |↑  |0.6443|±  |0.0394|
|                                              |       |none            |     0|acc_norm   |↑  |0.6443|±  |0.0394|
| - cmmlu_high_school_biology                  |      1|none            |     0|acc        |↑  |0.5207|±  |0.0385|
|                                              |       |none            |     0|acc_norm   |↑  |0.5207|±  |0.0385|
| - cmmlu_high_school_chemistry                |      1|none            |     0|acc        |↑  |0.4394|±  |0.0434|
|                                              |       |none            |     0|acc_norm   |↑  |0.4394|±  |0.0434|
| - cmmlu_high_school_geography                |      1|none            |     0|acc        |↑  |0.5847|±  |0.0456|
|                                              |       |none            |     0|acc_norm   |↑  |0.5847|±  |0.0456|
| - cmmlu_high_school_mathematics              |      1|none            |     0|acc        |↑  |0.3659|±  |0.0377|
|                                              |       |none            |     0|acc_norm   |↑  |0.3659|±  |0.0377|
| - cmmlu_high_school_physics                  |      1|none            |     0|acc        |↑  |0.5455|±  |0.0477|
|                                              |       |none            |     0|acc_norm   |↑  |0.5455|±  |0.0477|
| - cmmlu_high_school_politics                 |      1|none            |     0|acc        |↑  |0.5455|±  |0.0418|
|                                              |       |none            |     0|acc_norm   |↑  |0.5455|±  |0.0418|
| - cmmlu_human_sexuality                      |      1|none            |     0|acc        |↑  |0.6587|±  |0.0424|
|                                              |       |none            |     0|acc_norm   |↑  |0.6587|±  |0.0424|
| - cmmlu_international_law                    |      1|none            |     0|acc        |↑  |0.4973|±  |0.0369|
|                                              |       |none            |     0|acc_norm   |↑  |0.4973|±  |0.0369|
| - cmmlu_journalism                           |      1|none            |     0|acc        |↑  |0.5988|±  |0.0375|
|                                              |       |none            |     0|acc_norm   |↑  |0.5988|±  |0.0375|
| - cmmlu_jurisprudence                        |      1|none            |     0|acc        |↑  |0.6156|±  |0.0240|
|                                              |       |none            |     0|acc_norm   |↑  |0.6156|±  |0.0240|
| - cmmlu_legal_and_moral_basis                |      1|none            |     0|acc        |↑  |0.8551|±  |0.0241|
|                                              |       |none            |     0|acc_norm   |↑  |0.8551|±  |0.0241|
| - cmmlu_logical                              |      1|none            |     0|acc        |↑  |0.6748|±  |0.0424|
|                                              |       |none            |     0|acc_norm   |↑  |0.6748|±  |0.0424|
| - cmmlu_machine_learning                     |      1|none            |     0|acc        |↑  |0.6885|±  |0.0421|
|                                              |       |none            |     0|acc_norm   |↑  |0.6885|±  |0.0421|
| - cmmlu_management                           |      1|none            |     0|acc        |↑  |0.7619|±  |0.0295|
|                                              |       |none            |     0|acc_norm   |↑  |0.7619|±  |0.0295|
| - cmmlu_marketing                            |      1|none            |     0|acc        |↑  |0.6944|±  |0.0344|
|                                              |       |none            |     0|acc_norm   |↑  |0.6944|±  |0.0344|
| - cmmlu_marxist_theory                       |      1|none            |     0|acc        |↑  |0.6667|±  |0.0344|
|                                              |       |none            |     0|acc_norm   |↑  |0.6667|±  |0.0344|
| - cmmlu_modern_chinese                       |      1|none            |     0|acc        |↑  |0.4138|±  |0.0459|
|                                              |       |none            |     0|acc_norm   |↑  |0.4138|±  |0.0459|
| - cmmlu_nutrition                            |      1|none            |     0|acc        |↑  |0.5655|±  |0.0413|
|                                              |       |none            |     0|acc_norm   |↑  |0.5655|±  |0.0413|
| - cmmlu_philosophy                           |      1|none            |     0|acc        |↑  |0.6952|±  |0.0451|
|                                              |       |none            |     0|acc_norm   |↑  |0.6952|±  |0.0451|
| - cmmlu_professional_accounting              |      1|none            |     0|acc        |↑  |0.6000|±  |0.0371|
|                                              |       |none            |     0|acc_norm   |↑  |0.6000|±  |0.0371|
| - cmmlu_professional_law                     |      1|none            |     0|acc        |↑  |0.4455|±  |0.0343|
|                                              |       |none            |     0|acc_norm   |↑  |0.4455|±  |0.0343|
| - cmmlu_professional_medicine                |      1|none            |     0|acc        |↑  |0.4787|±  |0.0258|
|                                              |       |none            |     0|acc_norm   |↑  |0.4787|±  |0.0258|
| - cmmlu_professional_psychology              |      1|none            |     0|acc        |↑  |0.6983|±  |0.0302|
|                                              |       |none            |     0|acc_norm   |↑  |0.6983|±  |0.0302|
| - cmmlu_public_relations                     |      1|none            |     0|acc        |↑  |0.6264|±  |0.0368|
|                                              |       |none            |     0|acc_norm   |↑  |0.6264|±  |0.0368|
| - cmmlu_security_study                       |      1|none            |     0|acc        |↑  |0.7185|±  |0.0389|
|                                              |       |none            |     0|acc_norm   |↑  |0.7185|±  |0.0389|
| - cmmlu_sociology                            |      1|none            |     0|acc        |↑  |0.6106|±  |0.0325|
|                                              |       |none            |     0|acc_norm   |↑  |0.6106|±  |0.0325|
| - cmmlu_sports_science                       |      1|none            |     0|acc        |↑  |0.5939|±  |0.0383|
|                                              |       |none            |     0|acc_norm   |↑  |0.5939|±  |0.0383|
| - cmmlu_traditional_chinese_medicine         |      1|none            |     0|acc        |↑  |0.3784|±  |0.0358|
|                                              |       |none            |     0|acc_norm   |↑  |0.3784|±  |0.0358|
| - cmmlu_virology                             |      1|none            |     0|acc        |↑  |0.7396|±  |0.0339|
|                                              |       |none            |     0|acc_norm   |↑  |0.7396|±  |0.0339|
| - cmmlu_world_history                        |      1|none            |     0|acc        |↑  |0.6957|±  |0.0364|
|                                              |       |none            |     0|acc_norm   |↑  |0.6957|±  |0.0364|
| - cmmlu_world_religions                      |      1|none            |     0|acc        |↑  |0.6875|±  |0.0368|
|                                              |       |none            |     0|acc_norm   |↑  |0.6875|±  |0.0368|
|gsm8k                                         |      3|flexible-extract|     5|exact_match|↑  |0.7475|±  |0.0120|
|                                              |       |strict-match    |     5|exact_match|↑  |0.7422|±  |0.0120|
|humaneval                                     |      1|create_test     |     0|pass@1     |   |0.5000|±  |0.0392|
|piqa                                          |      1|none            |     0|acc        |↑  |0.8297|±  |0.0088|
|                                              |       |none            |     0|acc_norm   |↑  |0.8460|±  |0.0084|

|Groups|Version|Filter|n-shot| Metric |   |Value |   |Stderr|
|------|------:|------|------|--------|---|-----:|---|-----:|
|cmmlu |      1|none  |      |acc     |↑  |0.5895|±  |0.0044|
|      |       |none  |      |acc_norm|↑  |0.5895|±  |0.0044|

Completed BS=4
--------------------------------------------------------
Running Batch Sweep: Model=google/gemma-2-27b, BS=8, Dtype=bfloat16
hf ({'pretrained': 'google/gemma-2-27b', 'dtype': 'bfloat16', 'parallelize': True}), gen_kwargs: ({'temperature': 0, 'do_sample': False}), limit: None, num_fewshot: None, batch_size: 8
|                    Tasks                     |Version|     Filter     |n-shot|  Metric   |   |Value |   |Stderr|
|----------------------------------------------|------:|----------------|-----:|-----------|---|-----:|---|-----:|
|cmmlu                                         |      1|none            |      |acc        |↑  |0.5899|±  |0.0044|
|                                              |       |none            |      |acc_norm   |↑  |0.5899|±  |0.0044|
| - cmmlu_agronomy                             |      1|none            |     0|acc        |↑  |0.6213|±  |0.0374|
|                                              |       |none            |     0|acc_norm   |↑  |0.6213|±  |0.0374|
| - cmmlu_anatomy                              |      1|none            |     0|acc        |↑  |0.4324|±  |0.0409|
|                                              |       |none            |     0|acc_norm   |↑  |0.4324|±  |0.0409|
| - cmmlu_ancient_chinese                      |      1|none            |     0|acc        |↑  |0.3171|±  |0.0364|
|                                              |       |none            |     0|acc_norm   |↑  |0.3171|±  |0.0364|
| - cmmlu_arts                                 |      1|none            |     0|acc        |↑  |0.6937|±  |0.0366|
|                                              |       |none            |     0|acc_norm   |↑  |0.6937|±  |0.0366|
| - cmmlu_astronomy                            |      1|none            |     0|acc        |↑  |0.4606|±  |0.0389|
|                                              |       |none            |     0|acc_norm   |↑  |0.4606|±  |0.0389|
| - cmmlu_business_ethics                      |      1|none            |     0|acc        |↑  |0.6172|±  |0.0337|
|                                              |       |none            |     0|acc_norm   |↑  |0.6172|±  |0.0337|
| - cmmlu_chinese_civil_service_exam           |      1|none            |     0|acc        |↑  |0.5188|±  |0.0396|
|                                              |       |none            |     0|acc_norm   |↑  |0.5188|±  |0.0396|
| - cmmlu_chinese_driving_rule                 |      1|none            |     0|acc        |↑  |0.7176|±  |0.0395|
|                                              |       |none            |     0|acc_norm   |↑  |0.7176|±  |0.0395|
| - cmmlu_chinese_food_culture                 |      1|none            |     0|acc        |↑  |0.5294|±  |0.0430|
|                                              |       |none            |     0|acc_norm   |↑  |0.5294|±  |0.0430|
| - cmmlu_chinese_foreign_policy               |      1|none            |     0|acc        |↑  |0.6636|±  |0.0459|
|                                              |       |none            |     0|acc_norm   |↑  |0.6636|±  |0.0459|
| - cmmlu_chinese_history                      |      1|none            |     0|acc        |↑  |0.6935|±  |0.0257|
|                                              |       |none            |     0|acc_norm   |↑  |0.6935|±  |0.0257|
| - cmmlu_chinese_literature                   |      1|none            |     0|acc        |↑  |0.4118|±  |0.0345|
|                                              |       |none            |     0|acc_norm   |↑  |0.4118|±  |0.0345|
| - cmmlu_chinese_teacher_qualification        |      1|none            |     0|acc        |↑  |0.6816|±  |0.0349|
|                                              |       |none            |     0|acc_norm   |↑  |0.6816|±  |0.0349|
| - cmmlu_clinical_knowledge                   |      1|none            |     0|acc        |↑  |0.5570|±  |0.0323|
|                                              |       |none            |     0|acc_norm   |↑  |0.5570|±  |0.0323|
| - cmmlu_college_actuarial_science            |      1|none            |     0|acc        |↑  |0.3113|±  |0.0452|
|                                              |       |none            |     0|acc_norm   |↑  |0.3113|±  |0.0452|
| - cmmlu_college_education                    |      1|none            |     0|acc        |↑  |0.6729|±  |0.0456|
|                                              |       |none            |     0|acc_norm   |↑  |0.6729|±  |0.0456|
| - cmmlu_college_engineering_hydrology        |      1|none            |     0|acc        |↑  |0.5943|±  |0.0479|
|                                              |       |none            |     0|acc_norm   |↑  |0.5943|±  |0.0479|
| - cmmlu_college_law                          |      1|none            |     0|acc        |↑  |0.5833|±  |0.0477|
|                                              |       |none            |     0|acc_norm   |↑  |0.5833|±  |0.0477|
| - cmmlu_college_mathematics                  |      1|none            |     0|acc        |↑  |0.3048|±  |0.0451|
|                                              |       |none            |     0|acc_norm   |↑  |0.3048|±  |0.0451|
| - cmmlu_college_medical_statistics           |      1|none            |     0|acc        |↑  |0.6509|±  |0.0465|
|                                              |       |none            |     0|acc_norm   |↑  |0.6509|±  |0.0465|
| - cmmlu_college_medicine                     |      1|none            |     0|acc        |↑  |0.6410|±  |0.0291|
|                                              |       |none            |     0|acc_norm   |↑  |0.6410|±  |0.0291|
| - cmmlu_computer_science                     |      1|none            |     0|acc        |↑  |0.6814|±  |0.0327|
|                                              |       |none            |     0|acc_norm   |↑  |0.6814|±  |0.0327|
| - cmmlu_computer_security                    |      1|none            |     0|acc        |↑  |0.7895|±  |0.0313|
|                                              |       |none            |     0|acc_norm   |↑  |0.7895|±  |0.0313|
| - cmmlu_conceptual_physics                   |      1|none            |     0|acc        |↑  |0.6327|±  |0.0399|
|                                              |       |none            |     0|acc_norm   |↑  |0.6327|±  |0.0399|
| - cmmlu_construction_project_management      |      1|none            |     0|acc        |↑  |0.4604|±  |0.0424|
|                                              |       |none            |     0|acc_norm   |↑  |0.4604|±  |0.0424|
| - cmmlu_economics                            |      1|none            |     0|acc        |↑  |0.6918|±  |0.0367|
|                                              |       |none            |     0|acc_norm   |↑  |0.6918|±  |0.0367|
| - cmmlu_education                            |      1|none            |     0|acc        |↑  |0.5460|±  |0.0391|
|                                              |       |none            |     0|acc_norm   |↑  |0.5460|±  |0.0391|
| - cmmlu_electrical_engineering               |      1|none            |     0|acc        |↑  |0.5523|±  |0.0380|
|                                              |       |none            |     0|acc_norm   |↑  |0.5523|±  |0.0380|
| - cmmlu_elementary_chinese                   |      1|none            |     0|acc        |↑  |0.4048|±  |0.0310|
|                                              |       |none            |     0|acc_norm   |↑  |0.4048|±  |0.0310|
| - cmmlu_elementary_commonsense               |      1|none            |     0|acc        |↑  |0.5707|±  |0.0353|
|                                              |       |none            |     0|acc_norm   |↑  |0.5707|±  |0.0353|
| - cmmlu_elementary_information_and_technology|      1|none            |     0|acc        |↑  |0.8151|±  |0.0252|
|                                              |       |none            |     0|acc_norm   |↑  |0.8151|±  |0.0252|
| - cmmlu_elementary_mathematics               |      1|none            |     0|acc        |↑  |0.4000|±  |0.0324|
|                                              |       |none            |     0|acc_norm   |↑  |0.4000|±  |0.0324|
| - cmmlu_ethnology                            |      1|none            |     0|acc        |↑  |0.5037|±  |0.0432|
|                                              |       |none            |     0|acc_norm   |↑  |0.5037|±  |0.0432|
| - cmmlu_food_science                         |      1|none            |     0|acc        |↑  |0.6573|±  |0.0398|
|                                              |       |none            |     0|acc_norm   |↑  |0.6573|±  |0.0398|
| - cmmlu_genetics                             |      1|none            |     0|acc        |↑  |0.6250|±  |0.0366|
|                                              |       |none            |     0|acc_norm   |↑  |0.6250|±  |0.0366|
| - cmmlu_global_facts                         |      1|none            |     0|acc        |↑  |0.6443|±  |0.0394|
|                                              |       |none            |     0|acc_norm   |↑  |0.6443|±  |0.0394|
| - cmmlu_high_school_biology                  |      1|none            |     0|acc        |↑  |0.5207|±  |0.0385|
|                                              |       |none            |     0|acc_norm   |↑  |0.5207|±  |0.0385|
| - cmmlu_high_school_chemistry                |      1|none            |     0|acc        |↑  |0.4394|±  |0.0434|
|                                              |       |none            |     0|acc_norm   |↑  |0.4394|±  |0.0434|
| - cmmlu_high_school_geography                |      1|none            |     0|acc        |↑  |0.5847|±  |0.0456|
|                                              |       |none            |     0|acc_norm   |↑  |0.5847|±  |0.0456|
| - cmmlu_high_school_mathematics              |      1|none            |     0|acc        |↑  |0.3659|±  |0.0377|
|                                              |       |none            |     0|acc_norm   |↑  |0.3659|±  |0.0377|
| - cmmlu_high_school_physics                  |      1|none            |     0|acc        |↑  |0.5545|±  |0.0476|
|                                              |       |none            |     0|acc_norm   |↑  |0.5545|±  |0.0476|
| - cmmlu_high_school_politics                 |      1|none            |     0|acc        |↑  |0.5455|±  |0.0418|
|                                              |       |none            |     0|acc_norm   |↑  |0.5455|±  |0.0418|
| - cmmlu_human_sexuality                      |      1|none            |     0|acc        |↑  |0.6587|±  |0.0424|
|                                              |       |none            |     0|acc_norm   |↑  |0.6587|±  |0.0424|
| - cmmlu_international_law                    |      1|none            |     0|acc        |↑  |0.4973|±  |0.0369|
|                                              |       |none            |     0|acc_norm   |↑  |0.4973|±  |0.0369|
| - cmmlu_journalism                           |      1|none            |     0|acc        |↑  |0.6047|±  |0.0374|
|                                              |       |none            |     0|acc_norm   |↑  |0.6047|±  |0.0374|
| - cmmlu_jurisprudence                        |      1|none            |     0|acc        |↑  |0.6156|±  |0.0240|
|                                              |       |none            |     0|acc_norm   |↑  |0.6156|±  |0.0240|
| - cmmlu_legal_and_moral_basis                |      1|none            |     0|acc        |↑  |0.8551|±  |0.0241|
|                                              |       |none            |     0|acc_norm   |↑  |0.8551|±  |0.0241|
| - cmmlu_logical                              |      1|none            |     0|acc        |↑  |0.6829|±  |0.0421|
|                                              |       |none            |     0|acc_norm   |↑  |0.6829|±  |0.0421|
| - cmmlu_machine_learning                     |      1|none            |     0|acc        |↑  |0.6885|±  |0.0421|
|                                              |       |none            |     0|acc_norm   |↑  |0.6885|±  |0.0421|
| - cmmlu_management                           |      1|none            |     0|acc        |↑  |0.7571|±  |0.0297|
|                                              |       |none            |     0|acc_norm   |↑  |0.7571|±  |0.0297|
| - cmmlu_marketing                            |      1|none            |     0|acc        |↑  |0.6889|±  |0.0346|
|                                              |       |none            |     0|acc_norm   |↑  |0.6889|±  |0.0346|
| - cmmlu_marxist_theory                       |      1|none            |     0|acc        |↑  |0.6667|±  |0.0344|
|                                              |       |none            |     0|acc_norm   |↑  |0.6667|±  |0.0344|
| - cmmlu_modern_chinese                       |      1|none            |     0|acc        |↑  |0.4224|±  |0.0461|
|                                              |       |none            |     0|acc_norm   |↑  |0.4224|±  |0.0461|
| - cmmlu_nutrition                            |      1|none            |     0|acc        |↑  |0.5655|±  |0.0413|
|                                              |       |none            |     0|acc_norm   |↑  |0.5655|±  |0.0413|
| - cmmlu_philosophy                           |      1|none            |     0|acc        |↑  |0.6952|±  |0.0451|
|                                              |       |none            |     0|acc_norm   |↑  |0.6952|±  |0.0451|
| - cmmlu_professional_accounting              |      1|none            |     0|acc        |↑  |0.6000|±  |0.0371|
|                                              |       |none            |     0|acc_norm   |↑  |0.6000|±  |0.0371|
| - cmmlu_professional_law                     |      1|none            |     0|acc        |↑  |0.4455|±  |0.0343|
|                                              |       |none            |     0|acc_norm   |↑  |0.4455|±  |0.0343|
| - cmmlu_professional_medicine                |      1|none            |     0|acc        |↑  |0.4787|±  |0.0258|
|                                              |       |none            |     0|acc_norm   |↑  |0.4787|±  |0.0258|
| - cmmlu_professional_psychology              |      1|none            |     0|acc        |↑  |0.6983|±  |0.0302|
|                                              |       |none            |     0|acc_norm   |↑  |0.6983|±  |0.0302|
| - cmmlu_public_relations                     |      1|none            |     0|acc        |↑  |0.6264|±  |0.0368|
|                                              |       |none            |     0|acc_norm   |↑  |0.6264|±  |0.0368|
| - cmmlu_security_study                       |      1|none            |     0|acc        |↑  |0.7185|±  |0.0389|
|                                              |       |none            |     0|acc_norm   |↑  |0.7185|±  |0.0389|
| - cmmlu_sociology                            |      1|none            |     0|acc        |↑  |0.6106|±  |0.0325|
|                                              |       |none            |     0|acc_norm   |↑  |0.6106|±  |0.0325|
| - cmmlu_sports_science                       |      1|none            |     0|acc        |↑  |0.6000|±  |0.0383|
|                                              |       |none            |     0|acc_norm   |↑  |0.6000|±  |0.0383|
| - cmmlu_traditional_chinese_medicine         |      1|none            |     0|acc        |↑  |0.3838|±  |0.0359|
|                                              |       |none            |     0|acc_norm   |↑  |0.3838|±  |0.0359|
| - cmmlu_virology                             |      1|none            |     0|acc        |↑  |0.7396|±  |0.0339|
|                                              |       |none            |     0|acc_norm   |↑  |0.7396|±  |0.0339|
| - cmmlu_world_history                        |      1|none            |     0|acc        |↑  |0.6957|±  |0.0364|
|                                              |       |none            |     0|acc_norm   |↑  |0.6957|±  |0.0364|
| - cmmlu_world_religions                      |      1|none            |     0|acc        |↑  |0.6875|±  |0.0368|
|                                              |       |none            |     0|acc_norm   |↑  |0.6875|±  |0.0368|
|gsm8k                                         |      3|flexible-extract|     5|exact_match|↑  |0.7453|±  |0.0120|
|                                              |       |strict-match    |     5|exact_match|↑  |0.7407|±  |0.0121|
|humaneval                                     |      1|create_test     |     0|pass@1     |   |0.5061|±  |0.0392|
|piqa                                          |      1|none            |     0|acc        |↑  |0.8308|±  |0.0087|
|                                              |       |none            |     0|acc_norm   |↑  |0.8471|±  |0.0084|

|Groups|Version|Filter|n-shot| Metric |   |Value |   |Stderr|
|------|------:|------|------|--------|---|-----:|---|-----:|
|cmmlu |      1|none  |      |acc     |↑  |0.5899|±  |0.0044|
|      |       |none  |      |acc_norm|↑  |0.5899|±  |0.0044|

Completed BS=8
--------------------------------------------------------
Running Batch Sweep: Model=google/gemma-2-27b, BS=16, Dtype=bfloat16
hf ({'pretrained': 'google/gemma-2-27b', 'dtype': 'bfloat16', 'parallelize': True}), gen_kwargs: ({'temperature': 0, 'do_sample': False}), limit: None, num_fewshot: None, batch_size: 16
|                    Tasks                     |Version|     Filter     |n-shot|  Metric   |   |Value |   |Stderr|
|----------------------------------------------|------:|----------------|-----:|-----------|---|-----:|---|-----:|
|cmmlu                                         |      1|none            |      |acc        |↑  |0.5895|±  |0.0044|
|                                              |       |none            |      |acc_norm   |↑  |0.5895|±  |0.0044|
| - cmmlu_agronomy                             |      1|none            |     0|acc        |↑  |0.6213|±  |0.0374|
|                                              |       |none            |     0|acc_norm   |↑  |0.6213|±  |0.0374|
| - cmmlu_anatomy                              |      1|none            |     0|acc        |↑  |0.4324|±  |0.0409|
|                                              |       |none            |     0|acc_norm   |↑  |0.4324|±  |0.0409|
| - cmmlu_ancient_chinese                      |      1|none            |     0|acc        |↑  |0.3171|±  |0.0364|
|                                              |       |none            |     0|acc_norm   |↑  |0.3171|±  |0.0364|
| - cmmlu_arts                                 |      1|none            |     0|acc        |↑  |0.6937|±  |0.0366|
|                                              |       |none            |     0|acc_norm   |↑  |0.6937|±  |0.0366|
| - cmmlu_astronomy                            |      1|none            |     0|acc        |↑  |0.4606|±  |0.0389|
|                                              |       |none            |     0|acc_norm   |↑  |0.4606|±  |0.0389|
| - cmmlu_business_ethics                      |      1|none            |     0|acc        |↑  |0.6172|±  |0.0337|
|                                              |       |none            |     0|acc_norm   |↑  |0.6172|±  |0.0337|
| - cmmlu_chinese_civil_service_exam           |      1|none            |     0|acc        |↑  |0.5062|±  |0.0396|
|                                              |       |none            |     0|acc_norm   |↑  |0.5062|±  |0.0396|
| - cmmlu_chinese_driving_rule                 |      1|none            |     0|acc        |↑  |0.7099|±  |0.0398|
|                                              |       |none            |     0|acc_norm   |↑  |0.7099|±  |0.0398|
| - cmmlu_chinese_food_culture                 |      1|none            |     0|acc        |↑  |0.5294|±  |0.0430|
|                                              |       |none            |     0|acc_norm   |↑  |0.5294|±  |0.0430|
| - cmmlu_chinese_foreign_policy               |      1|none            |     0|acc        |↑  |0.6636|±  |0.0459|
|                                              |       |none            |     0|acc_norm   |↑  |0.6636|±  |0.0459|
| - cmmlu_chinese_history                      |      1|none            |     0|acc        |↑  |0.6935|±  |0.0257|
|                                              |       |none            |     0|acc_norm   |↑  |0.6935|±  |0.0257|
| - cmmlu_chinese_literature                   |      1|none            |     0|acc        |↑  |0.4118|±  |0.0345|
|                                              |       |none            |     0|acc_norm   |↑  |0.4118|±  |0.0345|
| - cmmlu_chinese_teacher_qualification        |      1|none            |     0|acc        |↑  |0.6816|±  |0.0349|
|                                              |       |none            |     0|acc_norm   |↑  |0.6816|±  |0.0349|
| - cmmlu_clinical_knowledge                   |      1|none            |     0|acc        |↑  |0.5527|±  |0.0324|
|                                              |       |none            |     0|acc_norm   |↑  |0.5527|±  |0.0324|
| - cmmlu_college_actuarial_science            |      1|none            |     0|acc        |↑  |0.3208|±  |0.0456|
|                                              |       |none            |     0|acc_norm   |↑  |0.3208|±  |0.0456|
| - cmmlu_college_education                    |      1|none            |     0|acc        |↑  |0.6729|±  |0.0456|
|                                              |       |none            |     0|acc_norm   |↑  |0.6729|±  |0.0456|
| - cmmlu_college_engineering_hydrology        |      1|none            |     0|acc        |↑  |0.5943|±  |0.0479|
|                                              |       |none            |     0|acc_norm   |↑  |0.5943|±  |0.0479|
| - cmmlu_college_law                          |      1|none            |     0|acc        |↑  |0.5833|±  |0.0477|
|                                              |       |none            |     0|acc_norm   |↑  |0.5833|±  |0.0477|
| - cmmlu_college_mathematics                  |      1|none            |     0|acc        |↑  |0.3143|±  |0.0455|
|                                              |       |none            |     0|acc_norm   |↑  |0.3143|±  |0.0455|
| - cmmlu_college_medical_statistics           |      1|none            |     0|acc        |↑  |0.6509|±  |0.0465|
|                                              |       |none            |     0|acc_norm   |↑  |0.6509|±  |0.0465|
| - cmmlu_college_medicine                     |      1|none            |     0|acc        |↑  |0.6410|±  |0.0291|
|                                              |       |none            |     0|acc_norm   |↑  |0.6410|±  |0.0291|
| - cmmlu_computer_science                     |      1|none            |     0|acc        |↑  |0.6814|±  |0.0327|
|                                              |       |none            |     0|acc_norm   |↑  |0.6814|±  |0.0327|
| - cmmlu_computer_security                    |      1|none            |     0|acc        |↑  |0.7895|±  |0.0313|
|                                              |       |none            |     0|acc_norm   |↑  |0.7895|±  |0.0313|
| - cmmlu_conceptual_physics                   |      1|none            |     0|acc        |↑  |0.6395|±  |0.0397|
|                                              |       |none            |     0|acc_norm   |↑  |0.6395|±  |0.0397|
| - cmmlu_construction_project_management      |      1|none            |     0|acc        |↑  |0.4604|±  |0.0424|
|                                              |       |none            |     0|acc_norm   |↑  |0.4604|±  |0.0424|
| - cmmlu_economics                            |      1|none            |     0|acc        |↑  |0.6918|±  |0.0367|
|                                              |       |none            |     0|acc_norm   |↑  |0.6918|±  |0.0367|
| - cmmlu_education                            |      1|none            |     0|acc        |↑  |0.5460|±  |0.0391|
|                                              |       |none            |     0|acc_norm   |↑  |0.5460|±  |0.0391|
| - cmmlu_electrical_engineering               |      1|none            |     0|acc        |↑  |0.5523|±  |0.0380|
|                                              |       |none            |     0|acc_norm   |↑  |0.5523|±  |0.0380|
| - cmmlu_elementary_chinese                   |      1|none            |     0|acc        |↑  |0.4048|±  |0.0310|
|                                              |       |none            |     0|acc_norm   |↑  |0.4048|±  |0.0310|
| - cmmlu_elementary_commonsense               |      1|none            |     0|acc        |↑  |0.5707|±  |0.0353|
|                                              |       |none            |     0|acc_norm   |↑  |0.5707|±  |0.0353|
| - cmmlu_elementary_information_and_technology|      1|none            |     0|acc        |↑  |0.8151|±  |0.0252|
|                                              |       |none            |     0|acc_norm   |↑  |0.8151|±  |0.0252|
| - cmmlu_elementary_mathematics               |      1|none            |     0|acc        |↑  |0.4000|±  |0.0324|
|                                              |       |none            |     0|acc_norm   |↑  |0.4000|±  |0.0324|
| - cmmlu_ethnology                            |      1|none            |     0|acc        |↑  |0.5037|±  |0.0432|
|                                              |       |none            |     0|acc_norm   |↑  |0.5037|±  |0.0432|
| - cmmlu_food_science                         |      1|none            |     0|acc        |↑  |0.6573|±  |0.0398|
|                                              |       |none            |     0|acc_norm   |↑  |0.6573|±  |0.0398|
| - cmmlu_genetics                             |      1|none            |     0|acc        |↑  |0.6250|±  |0.0366|
|                                              |       |none            |     0|acc_norm   |↑  |0.6250|±  |0.0366|
| - cmmlu_global_facts                         |      1|none            |     0|acc        |↑  |0.6443|±  |0.0394|
|                                              |       |none            |     0|acc_norm   |↑  |0.6443|±  |0.0394|
| - cmmlu_high_school_biology                  |      1|none            |     0|acc        |↑  |0.5207|±  |0.0385|
|                                              |       |none            |     0|acc_norm   |↑  |0.5207|±  |0.0385|
| - cmmlu_high_school_chemistry                |      1|none            |     0|acc        |↑  |0.4470|±  |0.0434|
|                                              |       |none            |     0|acc_norm   |↑  |0.4470|±  |0.0434|
| - cmmlu_high_school_geography                |      1|none            |     0|acc        |↑  |0.5763|±  |0.0457|
|                                              |       |none            |     0|acc_norm   |↑  |0.5763|±  |0.0457|
| - cmmlu_high_school_mathematics              |      1|none            |     0|acc        |↑  |0.3659|±  |0.0377|
|                                              |       |none            |     0|acc_norm   |↑  |0.3659|±  |0.0377|
| - cmmlu_high_school_physics                  |      1|none            |     0|acc        |↑  |0.5455|±  |0.0477|
|                                              |       |none            |     0|acc_norm   |↑  |0.5455|±  |0.0477|
| - cmmlu_high_school_politics                 |      1|none            |     0|acc        |↑  |0.5455|±  |0.0418|
|                                              |       |none            |     0|acc_norm   |↑  |0.5455|±  |0.0418|
| - cmmlu_human_sexuality                      |      1|none            |     0|acc        |↑  |0.6587|±  |0.0424|
|                                              |       |none            |     0|acc_norm   |↑  |0.6587|±  |0.0424|
| - cmmlu_international_law                    |      1|none            |     0|acc        |↑  |0.4973|±  |0.0369|
|                                              |       |none            |     0|acc_norm   |↑  |0.4973|±  |0.0369|
| - cmmlu_journalism                           |      1|none            |     0|acc        |↑  |0.6047|±  |0.0374|
|                                              |       |none            |     0|acc_norm   |↑  |0.6047|±  |0.0374|
| - cmmlu_jurisprudence                        |      1|none            |     0|acc        |↑  |0.6156|±  |0.0240|
|                                              |       |none            |     0|acc_norm   |↑  |0.6156|±  |0.0240|
| - cmmlu_legal_and_moral_basis                |      1|none            |     0|acc        |↑  |0.8551|±  |0.0241|
|                                              |       |none            |     0|acc_norm   |↑  |0.8551|±  |0.0241|
| - cmmlu_logical                              |      1|none            |     0|acc        |↑  |0.6748|±  |0.0424|
|                                              |       |none            |     0|acc_norm   |↑  |0.6748|±  |0.0424|
| - cmmlu_machine_learning                     |      1|none            |     0|acc        |↑  |0.6885|±  |0.0421|
|                                              |       |none            |     0|acc_norm   |↑  |0.6885|±  |0.0421|
| - cmmlu_management                           |      1|none            |     0|acc        |↑  |0.7571|±  |0.0297|
|                                              |       |none            |     0|acc_norm   |↑  |0.7571|±  |0.0297|
| - cmmlu_marketing                            |      1|none            |     0|acc        |↑  |0.6889|±  |0.0346|
|                                              |       |none            |     0|acc_norm   |↑  |0.6889|±  |0.0346|
| - cmmlu_marxist_theory                       |      1|none            |     0|acc        |↑  |0.6667|±  |0.0344|
|                                              |       |none            |     0|acc_norm   |↑  |0.6667|±  |0.0344|
| - cmmlu_modern_chinese                       |      1|none            |     0|acc        |↑  |0.4138|±  |0.0459|
|                                              |       |none            |     0|acc_norm   |↑  |0.4138|±  |0.0459|
| - cmmlu_nutrition                            |      1|none            |     0|acc        |↑  |0.5655|±  |0.0413|
|                                              |       |none            |     0|acc_norm   |↑  |0.5655|±  |0.0413|
| - cmmlu_philosophy                           |      1|none            |     0|acc        |↑  |0.6952|±  |0.0451|
|                                              |       |none            |     0|acc_norm   |↑  |0.6952|±  |0.0451|
| - cmmlu_professional_accounting              |      1|none            |     0|acc        |↑  |0.6000|±  |0.0371|
|                                              |       |none            |     0|acc_norm   |↑  |0.6000|±  |0.0371|
| - cmmlu_professional_law                     |      1|none            |     0|acc        |↑  |0.4455|±  |0.0343|
|                                              |       |none            |     0|acc_norm   |↑  |0.4455|±  |0.0343|
| - cmmlu_professional_medicine                |      1|none            |     0|acc        |↑  |0.4787|±  |0.0258|
|                                              |       |none            |     0|acc_norm   |↑  |0.4787|±  |0.0258|
| - cmmlu_professional_psychology              |      1|none            |     0|acc        |↑  |0.6983|±  |0.0302|
|                                              |       |none            |     0|acc_norm   |↑  |0.6983|±  |0.0302|
| - cmmlu_public_relations                     |      1|none            |     0|acc        |↑  |0.6264|±  |0.0368|
|                                              |       |none            |     0|acc_norm   |↑  |0.6264|±  |0.0368|
| - cmmlu_security_study                       |      1|none            |     0|acc        |↑  |0.7185|±  |0.0389|
|                                              |       |none            |     0|acc_norm   |↑  |0.7185|±  |0.0389|
| - cmmlu_sociology                            |      1|none            |     0|acc        |↑  |0.6106|±  |0.0325|
|                                              |       |none            |     0|acc_norm   |↑  |0.6106|±  |0.0325|
| - cmmlu_sports_science                       |      1|none            |     0|acc        |↑  |0.6000|±  |0.0383|
|                                              |       |none            |     0|acc_norm   |↑  |0.6000|±  |0.0383|
| - cmmlu_traditional_chinese_medicine         |      1|none            |     0|acc        |↑  |0.3838|±  |0.0359|
|                                              |       |none            |     0|acc_norm   |↑  |0.3838|±  |0.0359|
| - cmmlu_virology                             |      1|none            |     0|acc        |↑  |0.7396|±  |0.0339|
|                                              |       |none            |     0|acc_norm   |↑  |0.7396|±  |0.0339|
| - cmmlu_world_history                        |      1|none            |     0|acc        |↑  |0.6957|±  |0.0364|
|                                              |       |none            |     0|acc_norm   |↑  |0.6957|±  |0.0364|
| - cmmlu_world_religions                      |      1|none            |     0|acc        |↑  |0.6875|±  |0.0368|
|                                              |       |none            |     0|acc_norm   |↑  |0.6875|±  |0.0368|
|gsm8k                                         |      3|flexible-extract|     5|exact_match|↑  |0.7445|±  |0.0120|
|                                              |       |strict-match    |     5|exact_match|↑  |0.7407|±  |0.0121|
|humaneval                                     |      1|create_test     |     0|pass@1     |   |0.5061|±  |0.0392|
|piqa                                          |      1|none            |     0|acc        |↑  |0.8297|±  |0.0088|
|                                              |       |none            |     0|acc_norm   |↑  |0.8455|±  |0.0084|

|Groups|Version|Filter|n-shot| Metric |   |Value |   |Stderr|
|------|------:|------|------|--------|---|-----:|---|-----:|
|cmmlu |      1|none  |      |acc     |↑  |0.5895|±  |0.0044|
|      |       |none  |      |acc_norm|↑  |0.5895|±  |0.0044|

Completed BS=16
=== Job Completed ===
