2026-03-09:23:44:17 INFO     [_cli.run:376] Selected Tasks: ['piqa', 'cmmlu', 'gsm8k', 'humaneval']
2026-03-09:23:44:30 INFO     [evaluator:211] Setting random seed to 0 | Setting numpy seed to 1234 | Setting torch manual seed to 1234 | Setting fewshot manual seed to 1234
2026-03-09:23:44:30 WARNING  [evaluator:223] generation_kwargs: {'temperature': 0, 'do_sample': False} specified through cli, these settings will update set parameters in yaml tasks. Ensure 'do_sample=True' for non-greedy decoding!
2026-03-09:23:44:30 INFO     [evaluator:236] Initializing hf model, with arguments: {'pretrained': 'google/gemma-2-2b', 'dtype': 'float32', 'trust_remote_code': True, 'parallelize': True}
/blue/liguanpeng/bohanzhang1/conda_envs/llm_randomness/lib/python3.10/site-packages/transformers/utils/hub.py:110: FutureWarning: Using `TRANSFORMERS_CACHE` is deprecated and will be removed in v5 of Transformers. Use `HF_HOME` instead.
  warnings.warn(
2026-03-09:23:44:44 INFO     [models.huggingface:178] Using `accelerate launch` or `parallelize=True`, device 'cuda:0' will be overridden when placing model.
Traceback (most recent call last):
  File "/blue/liguanpeng/bohanzhang1/conda_envs/llm_randomness/lib/python3.10/site-packages/huggingface_hub/utils/_http.py", line 403, in hf_raise_for_status
    response.raise_for_status()
  File "/blue/liguanpeng/bohanzhang1/conda_envs/llm_randomness/lib/python3.10/site-packages/requests/models.py", line 1026, in raise_for_status
    raise HTTPError(http_error_msg, response=self)
requests.exceptions.HTTPError: 401 Client Error: Unauthorized for url: https://huggingface.co/google/gemma-2-2b/resolve/main/config.json

The above exception was the direct cause of the following exception:

Traceback (most recent call last):
  File "/blue/liguanpeng/bohanzhang1/conda_envs/llm_randomness/lib/python3.10/site-packages/transformers/utils/hub.py", line 479, in cached_files
    hf_hub_download(
  File "/blue/liguanpeng/bohanzhang1/conda_envs/llm_randomness/lib/python3.10/site-packages/huggingface_hub/utils/_validators.py", line 114, in _inner_fn
    return fn(*args, **kwargs)
  File "/blue/liguanpeng/bohanzhang1/conda_envs/llm_randomness/lib/python3.10/site-packages/huggingface_hub/file_download.py", line 1014, in hf_hub_download
    return _hf_hub_download_to_cache_dir(
  File "/blue/liguanpeng/bohanzhang1/conda_envs/llm_randomness/lib/python3.10/site-packages/huggingface_hub/file_download.py", line 1121, in _hf_hub_download_to_cache_dir
    _raise_on_head_call_error(head_call_error, force_download, local_files_only)
  File "/blue/liguanpeng/bohanzhang1/conda_envs/llm_randomness/lib/python3.10/site-packages/huggingface_hub/file_download.py", line 1662, in _raise_on_head_call_error
    raise head_call_error
  File "/blue/liguanpeng/bohanzhang1/conda_envs/llm_randomness/lib/python3.10/site-packages/huggingface_hub/file_download.py", line 1550, in _get_metadata_or_catch_error
    metadata = get_hf_file_metadata(
  File "/blue/liguanpeng/bohanzhang1/conda_envs/llm_randomness/lib/python3.10/site-packages/huggingface_hub/utils/_validators.py", line 114, in _inner_fn
    return fn(*args, **kwargs)
  File "/blue/liguanpeng/bohanzhang1/conda_envs/llm_randomness/lib/python3.10/site-packages/huggingface_hub/file_download.py", line 1467, in get_hf_file_metadata
    r = _request_wrapper(
  File "/blue/liguanpeng/bohanzhang1/conda_envs/llm_randomness/lib/python3.10/site-packages/huggingface_hub/file_download.py", line 283, in _request_wrapper
    response = _request_wrapper(
  File "/blue/liguanpeng/bohanzhang1/conda_envs/llm_randomness/lib/python3.10/site-packages/huggingface_hub/file_download.py", line 307, in _request_wrapper
    hf_raise_for_status(response)
  File "/blue/liguanpeng/bohanzhang1/conda_envs/llm_randomness/lib/python3.10/site-packages/huggingface_hub/utils/_http.py", line 420, in hf_raise_for_status
    raise _format(GatedRepoError, message, response) from e
huggingface_hub.errors.GatedRepoError: 401 Client Error. (Request ID: Root=1-69af93ac-1f7b8bef4590bede7ac49042;3ba2abad-3778-40f7-a05d-48632817b7d8)

Cannot access gated repo for url https://huggingface.co/google/gemma-2-2b/resolve/main/config.json.
Access to model google/gemma-2-2b is restricted. You must have access to it and be authenticated to access it. Please log in.

The above exception was the direct cause of the following exception:

Traceback (most recent call last):
  File "/blue/liguanpeng/bohanzhang1/conda_envs/llm_randomness/bin/lm-eval", line 6, in <module>
    sys.exit(cli_evaluate())
  File "/blue/liguanpeng/bohanzhang1/conda_envs/llm_randomness/lib/python3.10/site-packages/lm_eval/__main__.py", line 10, in cli_evaluate
    parser.execute(args)
  File "/blue/liguanpeng/bohanzhang1/conda_envs/llm_randomness/lib/python3.10/site-packages/lm_eval/_cli/harness.py", line 60, in execute
    args.func(args)
  File "/blue/liguanpeng/bohanzhang1/conda_envs/llm_randomness/lib/python3.10/site-packages/lm_eval/_cli/run.py", line 379, in _execute
    results = simple_evaluate(
  File "/blue/liguanpeng/bohanzhang1/conda_envs/llm_randomness/lib/python3.10/site-packages/lm_eval/utils.py", line 498, in _wrapper
    return fn(*args, **kwargs)
  File "/blue/liguanpeng/bohanzhang1/conda_envs/llm_randomness/lib/python3.10/site-packages/lm_eval/evaluator.py", line 239, in simple_evaluate
    lm = lm_eval.api.registry.get_model(model).create_from_arg_obj(
  File "/blue/liguanpeng/bohanzhang1/conda_envs/llm_randomness/lib/python3.10/site-packages/lm_eval/api/model.py", line 180, in create_from_arg_obj
    return cls(**arg_dict, **additional_config)
  File "/blue/liguanpeng/bohanzhang1/conda_envs/llm_randomness/lib/python3.10/site-packages/lm_eval/models/huggingface.py", line 190, in __init__
    self._get_config(
  File "/blue/liguanpeng/bohanzhang1/conda_envs/llm_randomness/lib/python3.10/site-packages/lm_eval/models/huggingface.py", line 568, in _get_config
    self._config = transformers.AutoConfig.from_pretrained(
  File "/blue/liguanpeng/bohanzhang1/conda_envs/llm_randomness/lib/python3.10/site-packages/transformers/models/auto/configuration_auto.py", line 1332, in from_pretrained
    config_dict, unused_kwargs = PretrainedConfig.get_config_dict(pretrained_model_name_or_path, **kwargs)
  File "/blue/liguanpeng/bohanzhang1/conda_envs/llm_randomness/lib/python3.10/site-packages/transformers/configuration_utils.py", line 662, in get_config_dict
    config_dict, kwargs = cls._get_config_dict(pretrained_model_name_or_path, **kwargs)
  File "/blue/liguanpeng/bohanzhang1/conda_envs/llm_randomness/lib/python3.10/site-packages/transformers/configuration_utils.py", line 721, in _get_config_dict
    resolved_config_file = cached_file(
  File "/blue/liguanpeng/bohanzhang1/conda_envs/llm_randomness/lib/python3.10/site-packages/transformers/utils/hub.py", line 322, in cached_file
    file = cached_files(path_or_repo_id=path_or_repo_id, filenames=[filename], **kwargs)
  File "/blue/liguanpeng/bohanzhang1/conda_envs/llm_randomness/lib/python3.10/site-packages/transformers/utils/hub.py", line 543, in cached_files
    raise OSError(
OSError: You are trying to access a gated repo.
Make sure to have access to it at https://huggingface.co/google/gemma-2-2b.
401 Client Error. (Request ID: Root=1-69af93ac-1f7b8bef4590bede7ac49042;3ba2abad-3778-40f7-a05d-48632817b7d8)

Cannot access gated repo for url https://huggingface.co/google/gemma-2-2b/resolve/main/config.json.
Access to model google/gemma-2-2b is restricted. You must have access to it and be authenticated to access it. Please log in.
2026-03-09:23:45:05 INFO     [_cli.run:376] Selected Tasks: ['piqa', 'cmmlu', 'gsm8k', 'humaneval']
2026-03-09:23:45:07 INFO     [evaluator:211] Setting random seed to 0 | Setting numpy seed to 1234 | Setting torch manual seed to 1234 | Setting fewshot manual seed to 1234
2026-03-09:23:45:07 WARNING  [evaluator:223] generation_kwargs: {'temperature': 0, 'do_sample': False} specified through cli, these settings will update set parameters in yaml tasks. Ensure 'do_sample=True' for non-greedy decoding!
2026-03-09:23:45:07 INFO     [evaluator:236] Initializing hf model, with arguments: {'pretrained': 'google/gemma-2-2b', 'dtype': 'float16', 'trust_remote_code': True, 'parallelize': True}
/blue/liguanpeng/bohanzhang1/conda_envs/llm_randomness/lib/python3.10/site-packages/transformers/utils/hub.py:110: FutureWarning: Using `TRANSFORMERS_CACHE` is deprecated and will be removed in v5 of Transformers. Use `HF_HOME` instead.
  warnings.warn(
2026-03-09:23:45:15 INFO     [models.huggingface:178] Using `accelerate launch` or `parallelize=True`, device 'cuda:0' will be overridden when placing model.
Traceback (most recent call last):
  File "/blue/liguanpeng/bohanzhang1/conda_envs/llm_randomness/lib/python3.10/site-packages/huggingface_hub/utils/_http.py", line 403, in hf_raise_for_status
    response.raise_for_status()
  File "/blue/liguanpeng/bohanzhang1/conda_envs/llm_randomness/lib/python3.10/site-packages/requests/models.py", line 1026, in raise_for_status
    raise HTTPError(http_error_msg, response=self)
requests.exceptions.HTTPError: 401 Client Error: Unauthorized for url: https://huggingface.co/google/gemma-2-2b/resolve/main/config.json

The above exception was the direct cause of the following exception:

Traceback (most recent call last):
  File "/blue/liguanpeng/bohanzhang1/conda_envs/llm_randomness/lib/python3.10/site-packages/transformers/utils/hub.py", line 479, in cached_files
    hf_hub_download(
  File "/blue/liguanpeng/bohanzhang1/conda_envs/llm_randomness/lib/python3.10/site-packages/huggingface_hub/utils/_validators.py", line 114, in _inner_fn
    return fn(*args, **kwargs)
  File "/blue/liguanpeng/bohanzhang1/conda_envs/llm_randomness/lib/python3.10/site-packages/huggingface_hub/file_download.py", line 1014, in hf_hub_download
    return _hf_hub_download_to_cache_dir(
  File "/blue/liguanpeng/bohanzhang1/conda_envs/llm_randomness/lib/python3.10/site-packages/huggingface_hub/file_download.py", line 1121, in _hf_hub_download_to_cache_dir
    _raise_on_head_call_error(head_call_error, force_download, local_files_only)
  File "/blue/liguanpeng/bohanzhang1/conda_envs/llm_randomness/lib/python3.10/site-packages/huggingface_hub/file_download.py", line 1662, in _raise_on_head_call_error
    raise head_call_error
  File "/blue/liguanpeng/bohanzhang1/conda_envs/llm_randomness/lib/python3.10/site-packages/huggingface_hub/file_download.py", line 1550, in _get_metadata_or_catch_error
    metadata = get_hf_file_metadata(
  File "/blue/liguanpeng/bohanzhang1/conda_envs/llm_randomness/lib/python3.10/site-packages/huggingface_hub/utils/_validators.py", line 114, in _inner_fn
    return fn(*args, **kwargs)
  File "/blue/liguanpeng/bohanzhang1/conda_envs/llm_randomness/lib/python3.10/site-packages/huggingface_hub/file_download.py", line 1467, in get_hf_file_metadata
    r = _request_wrapper(
  File "/blue/liguanpeng/bohanzhang1/conda_envs/llm_randomness/lib/python3.10/site-packages/huggingface_hub/file_download.py", line 283, in _request_wrapper
    response = _request_wrapper(
  File "/blue/liguanpeng/bohanzhang1/conda_envs/llm_randomness/lib/python3.10/site-packages/huggingface_hub/file_download.py", line 307, in _request_wrapper
    hf_raise_for_status(response)
  File "/blue/liguanpeng/bohanzhang1/conda_envs/llm_randomness/lib/python3.10/site-packages/huggingface_hub/utils/_http.py", line 420, in hf_raise_for_status
    raise _format(GatedRepoError, message, response) from e
huggingface_hub.errors.GatedRepoError: 401 Client Error. (Request ID: Root=1-69af93cb-3f20e6016018654f2ba337dc;5b4bd01d-fbd6-4f44-bc9b-81364c4bbb52)

Cannot access gated repo for url https://huggingface.co/google/gemma-2-2b/resolve/main/config.json.
Access to model google/gemma-2-2b is restricted. You must have access to it and be authenticated to access it. Please log in.

The above exception was the direct cause of the following exception:

Traceback (most recent call last):
  File "/blue/liguanpeng/bohanzhang1/conda_envs/llm_randomness/bin/lm-eval", line 6, in <module>
    sys.exit(cli_evaluate())
  File "/blue/liguanpeng/bohanzhang1/conda_envs/llm_randomness/lib/python3.10/site-packages/lm_eval/__main__.py", line 10, in cli_evaluate
    parser.execute(args)
  File "/blue/liguanpeng/bohanzhang1/conda_envs/llm_randomness/lib/python3.10/site-packages/lm_eval/_cli/harness.py", line 60, in execute
    args.func(args)
  File "/blue/liguanpeng/bohanzhang1/conda_envs/llm_randomness/lib/python3.10/site-packages/lm_eval/_cli/run.py", line 379, in _execute
    results = simple_evaluate(
  File "/blue/liguanpeng/bohanzhang1/conda_envs/llm_randomness/lib/python3.10/site-packages/lm_eval/utils.py", line 498, in _wrapper
    return fn(*args, **kwargs)
  File "/blue/liguanpeng/bohanzhang1/conda_envs/llm_randomness/lib/python3.10/site-packages/lm_eval/evaluator.py", line 239, in simple_evaluate
    lm = lm_eval.api.registry.get_model(model).create_from_arg_obj(
  File "/blue/liguanpeng/bohanzhang1/conda_envs/llm_randomness/lib/python3.10/site-packages/lm_eval/api/model.py", line 180, in create_from_arg_obj
    return cls(**arg_dict, **additional_config)
  File "/blue/liguanpeng/bohanzhang1/conda_envs/llm_randomness/lib/python3.10/site-packages/lm_eval/models/huggingface.py", line 190, in __init__
    self._get_config(
  File "/blue/liguanpeng/bohanzhang1/conda_envs/llm_randomness/lib/python3.10/site-packages/lm_eval/models/huggingface.py", line 568, in _get_config
    self._config = transformers.AutoConfig.from_pretrained(
  File "/blue/liguanpeng/bohanzhang1/conda_envs/llm_randomness/lib/python3.10/site-packages/transformers/models/auto/configuration_auto.py", line 1332, in from_pretrained
    config_dict, unused_kwargs = PretrainedConfig.get_config_dict(pretrained_model_name_or_path, **kwargs)
  File "/blue/liguanpeng/bohanzhang1/conda_envs/llm_randomness/lib/python3.10/site-packages/transformers/configuration_utils.py", line 662, in get_config_dict
    config_dict, kwargs = cls._get_config_dict(pretrained_model_name_or_path, **kwargs)
  File "/blue/liguanpeng/bohanzhang1/conda_envs/llm_randomness/lib/python3.10/site-packages/transformers/configuration_utils.py", line 721, in _get_config_dict
    resolved_config_file = cached_file(
  File "/blue/liguanpeng/bohanzhang1/conda_envs/llm_randomness/lib/python3.10/site-packages/transformers/utils/hub.py", line 322, in cached_file
    file = cached_files(path_or_repo_id=path_or_repo_id, filenames=[filename], **kwargs)
  File "/blue/liguanpeng/bohanzhang1/conda_envs/llm_randomness/lib/python3.10/site-packages/transformers/utils/hub.py", line 543, in cached_files
    raise OSError(
OSError: You are trying to access a gated repo.
Make sure to have access to it at https://huggingface.co/google/gemma-2-2b.
401 Client Error. (Request ID: Root=1-69af93cb-3f20e6016018654f2ba337dc;5b4bd01d-fbd6-4f44-bc9b-81364c4bbb52)

Cannot access gated repo for url https://huggingface.co/google/gemma-2-2b/resolve/main/config.json.
Access to model google/gemma-2-2b is restricted. You must have access to it and be authenticated to access it. Please log in.
2026-03-09:23:45:34 INFO     [_cli.run:376] Selected Tasks: ['piqa', 'cmmlu', 'gsm8k', 'humaneval']
2026-03-09:23:45:36 INFO     [evaluator:211] Setting random seed to 0 | Setting numpy seed to 1234 | Setting torch manual seed to 1234 | Setting fewshot manual seed to 1234
2026-03-09:23:45:36 WARNING  [evaluator:223] generation_kwargs: {'temperature': 0, 'do_sample': False} specified through cli, these settings will update set parameters in yaml tasks. Ensure 'do_sample=True' for non-greedy decoding!
2026-03-09:23:45:36 INFO     [evaluator:236] Initializing hf model, with arguments: {'pretrained': 'google/gemma-2-2b', 'dtype': 'bfloat16', 'trust_remote_code': True, 'parallelize': True}
/blue/liguanpeng/bohanzhang1/conda_envs/llm_randomness/lib/python3.10/site-packages/transformers/utils/hub.py:110: FutureWarning: Using `TRANSFORMERS_CACHE` is deprecated and will be removed in v5 of Transformers. Use `HF_HOME` instead.
  warnings.warn(
2026-03-09:23:45:44 INFO     [models.huggingface:178] Using `accelerate launch` or `parallelize=True`, device 'cuda:0' will be overridden when placing model.
Traceback (most recent call last):
  File "/blue/liguanpeng/bohanzhang1/conda_envs/llm_randomness/lib/python3.10/site-packages/huggingface_hub/utils/_http.py", line 403, in hf_raise_for_status
    response.raise_for_status()
  File "/blue/liguanpeng/bohanzhang1/conda_envs/llm_randomness/lib/python3.10/site-packages/requests/models.py", line 1026, in raise_for_status
    raise HTTPError(http_error_msg, response=self)
requests.exceptions.HTTPError: 401 Client Error: Unauthorized for url: https://huggingface.co/google/gemma-2-2b/resolve/main/config.json

The above exception was the direct cause of the following exception:

Traceback (most recent call last):
  File "/blue/liguanpeng/bohanzhang1/conda_envs/llm_randomness/lib/python3.10/site-packages/transformers/utils/hub.py", line 479, in cached_files
    hf_hub_download(
  File "/blue/liguanpeng/bohanzhang1/conda_envs/llm_randomness/lib/python3.10/site-packages/huggingface_hub/utils/_validators.py", line 114, in _inner_fn
    return fn(*args, **kwargs)
  File "/blue/liguanpeng/bohanzhang1/conda_envs/llm_randomness/lib/python3.10/site-packages/huggingface_hub/file_download.py", line 1014, in hf_hub_download
    return _hf_hub_download_to_cache_dir(
  File "/blue/liguanpeng/bohanzhang1/conda_envs/llm_randomness/lib/python3.10/site-packages/huggingface_hub/file_download.py", line 1121, in _hf_hub_download_to_cache_dir
    _raise_on_head_call_error(head_call_error, force_download, local_files_only)
  File "/blue/liguanpeng/bohanzhang1/conda_envs/llm_randomness/lib/python3.10/site-packages/huggingface_hub/file_download.py", line 1662, in _raise_on_head_call_error
    raise head_call_error
  File "/blue/liguanpeng/bohanzhang1/conda_envs/llm_randomness/lib/python3.10/site-packages/huggingface_hub/file_download.py", line 1550, in _get_metadata_or_catch_error
    metadata = get_hf_file_metadata(
  File "/blue/liguanpeng/bohanzhang1/conda_envs/llm_randomness/lib/python3.10/site-packages/huggingface_hub/utils/_validators.py", line 114, in _inner_fn
    return fn(*args, **kwargs)
  File "/blue/liguanpeng/bohanzhang1/conda_envs/llm_randomness/lib/python3.10/site-packages/huggingface_hub/file_download.py", line 1467, in get_hf_file_metadata
    r = _request_wrapper(
  File "/blue/liguanpeng/bohanzhang1/conda_envs/llm_randomness/lib/python3.10/site-packages/huggingface_hub/file_download.py", line 283, in _request_wrapper
    response = _request_wrapper(
  File "/blue/liguanpeng/bohanzhang1/conda_envs/llm_randomness/lib/python3.10/site-packages/huggingface_hub/file_download.py", line 307, in _request_wrapper
    hf_raise_for_status(response)
  File "/blue/liguanpeng/bohanzhang1/conda_envs/llm_randomness/lib/python3.10/site-packages/huggingface_hub/utils/_http.py", line 420, in hf_raise_for_status
    raise _format(GatedRepoError, message, response) from e
huggingface_hub.errors.GatedRepoError: 401 Client Error. (Request ID: Root=1-69af93e8-50a9e90371923d4e177c2f49;8c1cab77-9db7-49a4-8fb1-4e353753a547)

Cannot access gated repo for url https://huggingface.co/google/gemma-2-2b/resolve/main/config.json.
Access to model google/gemma-2-2b is restricted. You must have access to it and be authenticated to access it. Please log in.

The above exception was the direct cause of the following exception:

Traceback (most recent call last):
  File "/blue/liguanpeng/bohanzhang1/conda_envs/llm_randomness/bin/lm-eval", line 6, in <module>
    sys.exit(cli_evaluate())
  File "/blue/liguanpeng/bohanzhang1/conda_envs/llm_randomness/lib/python3.10/site-packages/lm_eval/__main__.py", line 10, in cli_evaluate
    parser.execute(args)
  File "/blue/liguanpeng/bohanzhang1/conda_envs/llm_randomness/lib/python3.10/site-packages/lm_eval/_cli/harness.py", line 60, in execute
    args.func(args)
  File "/blue/liguanpeng/bohanzhang1/conda_envs/llm_randomness/lib/python3.10/site-packages/lm_eval/_cli/run.py", line 379, in _execute
    results = simple_evaluate(
  File "/blue/liguanpeng/bohanzhang1/conda_envs/llm_randomness/lib/python3.10/site-packages/lm_eval/utils.py", line 498, in _wrapper
    return fn(*args, **kwargs)
  File "/blue/liguanpeng/bohanzhang1/conda_envs/llm_randomness/lib/python3.10/site-packages/lm_eval/evaluator.py", line 239, in simple_evaluate
    lm = lm_eval.api.registry.get_model(model).create_from_arg_obj(
  File "/blue/liguanpeng/bohanzhang1/conda_envs/llm_randomness/lib/python3.10/site-packages/lm_eval/api/model.py", line 180, in create_from_arg_obj
    return cls(**arg_dict, **additional_config)
  File "/blue/liguanpeng/bohanzhang1/conda_envs/llm_randomness/lib/python3.10/site-packages/lm_eval/models/huggingface.py", line 190, in __init__
    self._get_config(
  File "/blue/liguanpeng/bohanzhang1/conda_envs/llm_randomness/lib/python3.10/site-packages/lm_eval/models/huggingface.py", line 568, in _get_config
    self._config = transformers.AutoConfig.from_pretrained(
  File "/blue/liguanpeng/bohanzhang1/conda_envs/llm_randomness/lib/python3.10/site-packages/transformers/models/auto/configuration_auto.py", line 1332, in from_pretrained
    config_dict, unused_kwargs = PretrainedConfig.get_config_dict(pretrained_model_name_or_path, **kwargs)
  File "/blue/liguanpeng/bohanzhang1/conda_envs/llm_randomness/lib/python3.10/site-packages/transformers/configuration_utils.py", line 662, in get_config_dict
    config_dict, kwargs = cls._get_config_dict(pretrained_model_name_or_path, **kwargs)
  File "/blue/liguanpeng/bohanzhang1/conda_envs/llm_randomness/lib/python3.10/site-packages/transformers/configuration_utils.py", line 721, in _get_config_dict
    resolved_config_file = cached_file(
  File "/blue/liguanpeng/bohanzhang1/conda_envs/llm_randomness/lib/python3.10/site-packages/transformers/utils/hub.py", line 322, in cached_file
    file = cached_files(path_or_repo_id=path_or_repo_id, filenames=[filename], **kwargs)
  File "/blue/liguanpeng/bohanzhang1/conda_envs/llm_randomness/lib/python3.10/site-packages/transformers/utils/hub.py", line 543, in cached_files
    raise OSError(
OSError: You are trying to access a gated repo.
Make sure to have access to it at https://huggingface.co/google/gemma-2-2b.
401 Client Error. (Request ID: Root=1-69af93e8-50a9e90371923d4e177c2f49;8c1cab77-9db7-49a4-8fb1-4e353753a547)

Cannot access gated repo for url https://huggingface.co/google/gemma-2-2b/resolve/main/config.json.
Access to model google/gemma-2-2b is restricted. You must have access to it and be authenticated to access it. Please log in.
